Component: ARM Compiler 5.06 update 6 (build 750) Tool: armlink [4d35ed]

==============================================================================

Section Cross References

    startup_stm32g431xx.o(RESET) refers to startup_stm32g431xx.o(STACK) for __initial_sp
    startup_stm32g431xx.o(RESET) refers to startup_stm32g431xx.o(.text) for Reset_Handler
    startup_stm32g431xx.o(RESET) refers to stm32g4xx_it.o(i.NMI_Handler) for NMI_Handler
    startup_stm32g431xx.o(RESET) refers to stm32g4xx_it.o(i.HardFault_Handler) for HardFault_Handler
    startup_stm32g431xx.o(RESET) refers to stm32g4xx_it.o(i.MemManage_Handler) for MemManage_Handler
    startup_stm32g431xx.o(RESET) refers to stm32g4xx_it.o(i.BusFault_Handler) for BusFault_Handler
    startup_stm32g431xx.o(RESET) refers to stm32g4xx_it.o(i.UsageFault_Handler) for UsageFault_Handler
    startup_stm32g431xx.o(RESET) refers to stm32g4xx_it.o(i.SVC_Handler) for SVC_Handler
    startup_stm32g431xx.o(RESET) refers to stm32g4xx_it.o(i.DebugMon_Handler) for DebugMon_Handler
    startup_stm32g431xx.o(RESET) refers to stm32g4xx_it.o(i.PendSV_Handler) for PendSV_Handler
    startup_stm32g431xx.o(RESET) refers to stm32g4xx_it.o(i.SysTick_Handler) for SysTick_Handler
    startup_stm32g431xx.o(RESET) refers to stm32g4xx_it.o(i.DMA1_Channel1_IRQHandler) for DMA1_Channel1_IRQHandler
    startup_stm32g431xx.o(RESET) refers to stm32g4xx_it.o(i.DMA1_Channel2_IRQHandler) for DMA1_Channel2_IRQHandler
    startup_stm32g431xx.o(RESET) refers to stm32g4xx_it.o(i.DMA1_Channel3_IRQHandler) for DMA1_Channel3_IRQHandler
    startup_stm32g431xx.o(RESET) refers to stm32g4xx_it.o(i.TIM3_IRQHandler) for TIM3_IRQHandler
    startup_stm32g431xx.o(RESET) refers to stm32g4xx_it.o(i.TIM4_IRQHandler) for TIM4_IRQHandler
    startup_stm32g431xx.o(RESET) refers to stm32g4xx_it.o(i.USART1_IRQHandler) for USART1_IRQHandler
    startup_stm32g431xx.o(.text) refers to system_stm32g4xx.o(i.SystemInit) for SystemInit
    startup_stm32g431xx.o(.text) refers to entry.o(.ARM.Collect$$$$00000000) for __main
    main.o(i.SystemClock_Config) refers to memseta.o(.text) for __aeabi_memclr4
    main.o(i.SystemClock_Config) refers to stm32g4xx_hal_pwr_ex.o(i.HAL_PWREx_ControlVoltageScaling) for HAL_PWREx_ControlVoltageScaling
    main.o(i.SystemClock_Config) refers to stm32g4xx_hal_rcc.o(i.HAL_RCC_OscConfig) for HAL_RCC_OscConfig
    main.o(i.SystemClock_Config) refers to stm32g4xx_hal_rcc.o(i.HAL_RCC_ClockConfig) for HAL_RCC_ClockConfig
    main.o(i.main) refers to stm32g4xx_hal.o(i.HAL_Init) for HAL_Init
    main.o(i.main) refers to main.o(i.SystemClock_Config) for SystemClock_Config
    main.o(i.main) refers to gpio.o(i.MX_GPIO_Init) for MX_GPIO_Init
    main.o(i.main) refers to dma.o(i.MX_DMA_Init) for MX_DMA_Init
    main.o(i.main) refers to adc.o(i.MX_ADC1_Init) for MX_ADC1_Init
    main.o(i.main) refers to spi.o(i.MX_SPI1_Init) for MX_SPI1_Init
    main.o(i.main) refers to tim.o(i.MX_TIM1_Init) for MX_TIM1_Init
    main.o(i.main) refers to tim.o(i.MX_TIM2_Init) for MX_TIM2_Init
    main.o(i.main) refers to tim.o(i.MX_TIM3_Init) for MX_TIM3_Init
    main.o(i.main) refers to tim.o(i.MX_TIM4_Init) for MX_TIM4_Init
    main.o(i.main) refers to usart.o(i.MX_USART1_UART_Init) for MX_USART1_UART_Init
    main.o(i.main) refers to tb67h450.o(i.init_TB67H450) for init_TB67H450
    main.o(i.main) refers to led.o(i.init_LED) for init_LED
    main.o(i.main) refers to mt6816.o(i.MT6816_Init) for MT6816_Init
    main.o(i.main) refers to foc.o(i.FOC_Init) for FOC_Init
    main.o(i.main) refers to pid.o(i.PID_init) for PID_init
    main.o(i.main) refers to task.o(i.Enable_DMA) for Enable_DMA
    main.o(i.main) refers to task.o(i.Enable_IT) for Enable_IT
    main.o(i.main) refers to task.o(i.Close_loop) for Close_loop
    gpio.o(i.MX_GPIO_Init) refers to memseta.o(.text) for __aeabi_memclr4
    gpio.o(i.MX_GPIO_Init) refers to stm32g4xx_hal_gpio.o(i.HAL_GPIO_WritePin) for HAL_GPIO_WritePin
    gpio.o(i.MX_GPIO_Init) refers to stm32g4xx_hal_gpio.o(i.HAL_GPIO_Init) for HAL_GPIO_Init
    adc.o(i.HAL_ADC_MspDeInit) refers to stm32g4xx_hal_gpio.o(i.HAL_GPIO_DeInit) for HAL_GPIO_DeInit
    adc.o(i.HAL_ADC_MspDeInit) refers to stm32g4xx_hal_dma.o(i.HAL_DMA_DeInit) for HAL_DMA_DeInit
    adc.o(i.HAL_ADC_MspInit) refers to memseta.o(.text) for __aeabi_memclr4
    adc.o(i.HAL_ADC_MspInit) refers to stm32g4xx_hal_rcc_ex.o(i.HAL_RCCEx_PeriphCLKConfig) for HAL_RCCEx_PeriphCLKConfig
    adc.o(i.HAL_ADC_MspInit) refers to main.o(i.Error_Handler) for Error_Handler
    adc.o(i.HAL_ADC_MspInit) refers to stm32g4xx_hal_gpio.o(i.HAL_GPIO_Init) for HAL_GPIO_Init
    adc.o(i.HAL_ADC_MspInit) refers to stm32g4xx_hal_dma.o(i.HAL_DMA_Init) for HAL_DMA_Init
    adc.o(i.HAL_ADC_MspInit) refers to adc.o(.bss) for .bss
    adc.o(i.MX_ADC1_Init) refers to memseta.o(.text) for __aeabi_memclr4
    adc.o(i.MX_ADC1_Init) refers to stm32g4xx_hal_adc.o(i.HAL_ADC_Init) for HAL_ADC_Init
[...]
    i.HAL_TIM_Base_Init                      0x0800311a   Section        0  stm32g4xx_hal_tim.o(i.HAL_TIM_Base_Init)
    i.HAL_TIM_Base_MspInit                   0x0800317c   Section        0  tim.o(i.HAL_TIM_Base_MspInit)
    i.HAL_TIM_Base_Start_IT                  0x08003210   Section        0  stm32g4xx_hal_tim.o(i.HAL_TIM_Base_Start_IT)
    i.HAL_TIM_ConfigClockSource              0x08003288   Section        0  stm32g4xx_hal_tim.o(i.HAL_TIM_ConfigClockSource)
    i.HAL_TIM_IC_CaptureCallback             0x08003388   Section        0  stm32g4xx_hal_tim.o(i.HAL_TIM_IC_CaptureCallback)
    i.HAL_TIM_IRQHandler                     0x0800338a   Section        0  stm32g4xx_hal_tim.o(i.HAL_TIM_IRQHandler)
    i.HAL_TIM_MspPostInit                    0x08003588   Section        0  tim.o(i.HAL_TIM_MspPostInit)
    i.HAL_TIM_OC_DelayElapsedCallback        0x0800360c   Section        0  stm32g4xx_hal_tim.o(i.HAL_TIM_OC_DelayElapsedCallback)
    i.HAL_TIM_PWM_ConfigChannel              0x0800360e   Section        0  stm32g4xx_hal_tim.o(i.HAL_TIM_PWM_ConfigChannel)
    i.HAL_TIM_PWM_Init                       0x08003732   Section        0  stm32g4xx_hal_tim.o(i.HAL_TIM_PWM_Init)
    i.HAL_TIM_PWM_MspInit                    0x08003794   Section        0  stm32g4xx_hal_tim.o(i.HAL_TIM_PWM_MspInit)
    i.HAL_TIM_PWM_PulseFinishedCallback      0x08003796   Section        0  stm32g4xx_hal_tim.o(i.HAL_TIM_PWM_PulseFinishedCallback)
    i.HAL_TIM_PWM_Start                      0x08003798   Section        0  stm32g4xx_hal_tim.o(i.HAL_TIM_PWM_Start)
    i.HAL_TIM_PeriodElapsedCallback          0x08003894   Section        0  stm32g4xx_hal_tim.o(i.HAL_TIM_PeriodElapsedCallback)
    i.HAL_TIM_TriggerCallback                0x08003896   Section        0  stm32g4xx_hal_tim.o(i.HAL_TIM_TriggerCallback)
    i.HAL_UARTEx_DisableFifoMode             0x08003898   Section        0  stm32g4xx_hal_uart_ex.o(i.HAL_UARTEx_DisableFifoMode)
    i.HAL_UARTEx_RxEventCallback             0x080038d6   Section        0  stm32g4xx_hal_uart.o(i.HAL_UARTEx_RxEventCallback)
    i.HAL_UARTEx_RxFifoFullCallback          0x080038d8   Section        0  stm32g4xx_hal_uart_ex.o(i.HAL_UARTEx_RxFifoFullCallback)
    i.HAL_UARTEx_SetRxFifoThreshold          0x080038da   Section        0  stm32g4xx_hal_uart_ex.o(i.HAL_UARTEx_SetRxFifoThreshold)
    i.HAL_UARTEx_SetTxFifoThreshold          0x08003926   Section        0  stm32g4xx_hal_uart_ex.o(i.HAL_UARTEx_SetTxFifoThreshold)
    i.HAL_UARTEx_TxFifoEmptyCallback         0x08003972   Section        0  stm32g4xx_hal_uart_ex.o(i.HAL_UARTEx_TxFifoEmptyCallback)
    i.HAL_UARTEx_WakeupCallback              0x08003974   Section        0  stm32g4xx_hal_uart_ex.o(i.HAL_UARTEx_WakeupCallback)
    i.HAL_UART_DMAStop                       0x08003976   Section        0  stm32g4xx_hal_uart.o(i.HAL_UART_DMAStop)
    i.HAL_UART_ErrorCallback                 0x08003a06   Section        0  stm32g4xx_hal_uart.o(i.HAL_UART_ErrorCallback)
    i.HAL_UART_IRQHandler                    0x08003a08   Section        0  stm32g4xx_hal_uart.o(i.HAL_UART_IRQHandler)
    i.HAL_UART_Init                          0x08003ce8   Section        0  stm32g4xx_hal_uart.o(i.HAL_UART_Init)
    i.HAL_UART_MspInit                       0x08003d54   Section        0  usart.o(i.HAL_UART_MspInit)
    i.HAL_UART_Receive_DMA                   0x08003e44   Section        0  stm32g4xx_hal_uart.o(i.HAL_UART_Receive_DMA)
    i.HAL_UART_RxCpltCallback                0x08003e98   Section        0  stm32g4xx_hal_uart.o(i.HAL_UART_RxCpltCallback)
    i.HAL_UART_RxHalfCpltCallback            0x08003e9a   Section        0  stm32g4xx_hal_uart.o(i.HAL_UART_RxHalfCpltCallback)
    i.HAL_UART_Transmit_DMA                  0x08003e9c   Section        0  stm32g4xx_hal_uart.o(i.HAL_UART_Transmit_DMA)
    i.HAL_UART_TxCpltCallback                0x08003f40   Section        0  stm32g4xx_hal_uart.o(i.HAL_UART_TxCpltCallback)
    i.HAL_UART_TxHalfCpltCallback            0x08003f42   Section        0  stm32g4xx_hal_uart.o(i.HAL_UART_TxHalfCpltCallback)
    i.HardFault_Handler                      0x08003f44   Section        0  stm32g4xx_it.o(i.HardFault_Handler)
    i.Inform_Updata                          0x08003f48   Section        0  task.o(i.Inform_Updata)
    i.LED_RGB                                0x080040d8   Section        0  led.o(i.LED_RGB)
    i.LL_ADC_GetOffsetChannel                0x08004108   Section        0  stm32g4xx_hal_adc.o(i.LL_ADC_GetOffsetChannel)
    LL_ADC_GetOffsetChannel                  0x08004109   Thumb Code    12  stm32g4xx_hal_adc.o(i.LL_ADC_GetOffsetChannel)
    i.LL_ADC_INJ_IsConversionOngoing         0x08004114   Section        0  stm32g4xx_hal_adc.o(i.LL_ADC_INJ_IsConversionOngoing)
    LL_ADC_INJ_IsConversionOngoing           0x08004115   Thumb Code     8  stm32g4xx_hal_adc.o(i.LL_ADC_INJ_IsConversionOngoing)
    i.LL_ADC_REG_IsConversionOngoing         0x0800411c   Section        0  stm32g4xx_hal_adc.o(i.LL_ADC_REG_IsConversionOngoing)
    LL_ADC_REG_IsConversionOngoing           0x0800411d   Thumb Code     8  stm32g4xx_hal_adc.o(i.LL_ADC_REG_IsConversionOngoing)
    i.LL_ADC_REG_IsConversionOngoing         0x08004124   Section        0  stm32g4xx_hal_adc_ex.o(i.LL_ADC_REG_IsConversionOngoing)
    LL_ADC_REG_IsConversionOngoing           0x08004125   Thumb Code     8  stm32g4xx_hal_adc_ex.o(i.LL_ADC_REG_IsConversionOngoing)
    i.LL_ADC_REG_IsTriggerSourceSWStart      0x0800412c   Section        0  stm32g4xx_hal_adc.o(i.LL_ADC_REG_IsTriggerSourceSWStart)
    LL_ADC_REG_IsTriggerSourceSWStart        0x0800412d   Thumb Code    16  stm32g4xx_hal_adc.o(i.LL_ADC_REG_IsTriggerSourceSWStart)
    i.LL_ADC_SetChannelSamplingTime          0x0800413c   Section        0  stm32g4xx_hal_adc.o(i.LL_ADC_SetChannelSamplingTime)
    LL_ADC_SetChannelSamplingTime            0x0800413d   Thumb Code    30  stm32g4xx_hal_adc.o(i.LL_ADC_SetChannelSamplingTime)
    i.LL_ADC_SetOffsetState                  0x0800415a   Section        0  stm32g4xx_hal_adc.o(i.LL_ADC_SetOffsetState)
    LL_ADC_SetOffsetState                    0x0800415b   Thumb Code    16  stm32g4xx_hal_adc.o(i.LL_ADC_SetOffsetState)
    i.MT6816_Init                            0x0800416c   Section        0  mt6816.o(i.MT6816_Init)
    i.MX_ADC1_Init                           0x08004258   Section        0  adc.o(i.MX_ADC1_Init)
    i.MX_DMA_Init                            0x08004308   Section        0  dma.o(i.MX_DMA_Init)
    i.MX_GPIO_Init                           0x08004364   Section        0  gpio.o(i.MX_GPIO_Init)
    i.MX_SPI1_Init                           0x080043fc   Section        0  spi.o(i.MX_SPI1_Init)
    i.MX_TIM1_Init                           0x0800444c   Section        0  tim.o(i.MX_TIM1_Init)
    i.MX_TIM2_Init                           0x08004544   Section        0  tim.o(i.MX_TIM2_Init)
    i.MX_TIM3_Init                           0x080045ec   Section        0  tim.o(i.MX_TIM3_Init)
    i.MX_TIM4_Init                           0x08004654   Section        0  tim.o(i.MX_TIM4_Init)
    i.MX_USART1_UART_Init                    0x080046bc   Section        0  usart.o(i.MX_USART1_UART_Init)
    i.Manage_Command                         0x08004724   Section        0  task.o(i.Manage_Command)
    i.MemManage_Handler                      0x08004d94   Section        0  stm32g4xx_it.o(i.MemManage_Handler)
    i.NMI_Handler                            0x08004d96   Section        0  stm32g4xx_it.o(i.NMI_Handler)
    i.PID_Ctrl                               0x08004d98   Section        0  pid.o(i.PID_Ctrl)
    i.PID_init                               0x08004e2c   Section        0  pid.o(i.PID_init)
    i.PendSV_Handler                         0x08004fdc   Section        0  stm32g4xx_it.o(i.PendSV_Handler)
    i.Position_PID                           0x08004fe0   Section        0  pid.o(i.Position_PID)
    i.REIN_MT6816_Get_AngleData              0x08005178   Section        0  mt6816.o(i.REIN_MT6816_Get_AngleData)
    i.RINE_MT6816_SPI_Get_AngleData          0x08005190   Section        0  mt6816.o(i.RINE_MT6816_SPI_Get_AngleData)
    i.SPI_EndRxTxTransaction                 0x0800526c   Section        0  stm32g4xx_hal_spi.o(i.SPI_EndRxTxTransaction)
    SPI_EndRxTxTransaction                   0x0800526d   Thumb Code    72  stm32g4xx_hal_spi.o(i.SPI_EndRxTxTransaction)
    i.SPI_WaitFifoStateUntilTimeout          0x080052b4   Section        0  stm32g4xx_hal_spi.o(i.SPI_WaitFifoStateUntilTimeout)
    SPI_WaitFifoStateUntilTimeout            0x080052b5   Thumb Code   218  stm32g4xx_hal_spi.o(i.SPI_WaitFifoStateUntilTimeout)
    i.SPI_WaitFlagStateUntilTimeout          0x08005394   Section        0  stm32g4xx_hal_spi.o(i.SPI_WaitFlagStateUntilTimeout)
    SPI_WaitFlagStateUntilTimeout            0x08005395   Thumb Code   180  stm32g4xx_hal_spi.o(i.SPI_WaitFlagStateUntilTimeout)
    i.SVC_Handler                            0x0800544c   Section        0  stm32g4xx_it.o(i.SVC_Handler)
    i.Sector_tracker                         0x08005450   Section        0  foc.o(i.Sector_tracker)
    i.Set_I                                  0x08005558   Section        0  tb67h450.o(i.Set_I)
    i.Speed_PID_Iq                           0x080055bc   Section        0  pid.o(i.Speed_PID_Iq)
    i.StepCtrl                               0x080056e8   Section        0  tb67h450.o(i.StepCtrl)
    i.SysTick_Handler                        0x08005780   Section        0  stm32g4xx_it.o(i.SysTick_Handler)
    i.SystemClock_Config                     0x08005784   Section        0  main.o(i.SystemClock_Config)
    i.SystemInit                             0x080057e8   Section        0  system_stm32g4xx.o(i.SystemInit)
    i.TIM3_IRQHandler                        0x080057f8   Section        0  stm32g4xx_it.o(i.TIM3_IRQHandler)
    i.TIM4_IRQHandler                        0x0800580c   Section        0  stm32g4xx_it.o(i.TIM4_IRQHandler)
    i.TIM_Base_SetConfig                     0x0800595c   Section        0  stm32g4xx_hal_tim.o(i.TIM_Base_SetConfig)
    i.TIM_CCxChannelCmd                      0x08005a0c   Section        0  stm32g4xx_hal_tim.o(i.TIM_CCxChannelCmd)
    i.TIM_ETR_SetConfig                      0x08005a26   Section        0  stm32g4xx_hal_tim.o(i.TIM_ETR_SetConfig)
    i.TIM_ITRx_SetConfig                     0x08005a3c   Section        0  stm32g4xx_hal_tim.o(i.TIM_ITRx_SetConfig)
    TIM_ITRx_SetConfig                       0x08005a3d   Thumb Code    16  stm32g4xx_hal_tim.o(i.TIM_ITRx_SetConfig)
    i.TIM_OC1_SetConfig                      0x08005a50   Section        0  stm32g4xx_hal_tim.o(i.TIM_OC1_SetConfig)
    TIM_OC1_SetConfig                        0x08005a51   Thumb Code   132  stm32g4xx_hal_tim.o(i.TIM_OC1_SetConfig)
    i.TIM_OC2_SetConfig                      0x08005aec   Section        0  stm32g4xx_hal_tim.o(i.TIM_OC2_SetConfig)
    i.TIM_OC3_SetConfig                      0x08005b7c   Section        0  stm32g4xx_hal_tim.o(i.TIM_OC3_SetConfig)
    TIM_OC3_SetConfig                        0x08005b7d   Thumb Code   118  stm32g4xx_hal_tim.o(i.TIM_OC3_SetConfig)
    i.TIM_OC4_SetConfig                      0x08005c0c   Section        0  stm32g4xx_hal_tim.o(i.TIM_OC4_SetConfig)
    TIM_OC4_SetConfig                        0x08005c0d   Thumb Code   120  stm32g4xx_hal_tim.o(i.TIM_OC4_SetConfig)
    i.TIM_OC5_SetConfig                      0x08005c9c   Section        0  stm32g4xx_hal_tim.o(i.TIM_OC5_SetConfig)
    TIM_OC5_SetConfig                        0x08005c9d   Thumb Code    86  stm32g4xx_hal_tim.o(i.TIM_OC5_SetConfig)
    i.TIM_OC6_SetConfig                      0x08005d0c   Section        0  stm32g4xx_hal_tim.o(i.TIM_OC6_SetConfig)
    TIM_OC6_SetConfig                        0x08005d0d   Thumb Code    88  stm32g4xx_hal_tim.o(i.TIM_OC6_SetConfig)
    i.TIM_TI1_ConfigInputStage               0x08005d7c   Section        0  stm32g4xx_hal_tim.o(i.TIM_TI1_ConfigInputStage)
    TIM_TI1_ConfigInputStage                 0x08005d7d   Thumb Code    34  stm32g4xx_hal_tim.o(i.TIM_TI1_ConfigInputStage)
    i.TIM_TI2_ConfigInputStage               0x08005d9e   Section        0  stm32g4xx_hal_tim.o(i.TIM_TI2_ConfigInputStage)
    TIM_TI2_ConfigInputStage                 0x08005d9f   Thumb Code    36  stm32g4xx_hal_tim.o(i.TIM_TI2_ConfigInputStage)
    i.UARTEx_SetNbDataToProcess              0x08005dc4   Section        0  stm32g4xx_hal_uart_ex.o(i.UARTEx_SetNbDataToProcess)
    UARTEx_SetNbDataToProcess                0x08005dc5   Thumb Code    62  stm32g4xx_hal_uart_ex.o(i.UARTEx_SetNbDataToProcess)
    i.UART_AdvFeatureConfig                  0x08005e08   Section        0  stm32g4xx_hal_uart.o(i.UART_AdvFeatureConfig)
    i.UART_CheckIdleState                    0x08005ed0   Section        0  stm32g4xx_hal_uart.o(i.UART_CheckIdleState)
    i.UART_DMAAbortOnError                   0x08005f30   Section        0  stm32g4xx_hal_uart.o(i.UART_DMAAbortOnError)
    UART_DMAAbortOnError                     0x08005f31   Thumb Code    20  stm32g4xx_hal_uart.o(i.UART_DMAAbortOnError)
    i.UART_DMAError                          0x08005f44   Section        0  stm32g4xx_hal_uart.o(i.UART_DMAError)
    UART_DMAError                            0x08005f45   Thumb Code    80  stm32g4xx_hal_uart.o(i.UART_DMAError)
    i.UART_DMAReceiveCplt                    0x08005f94   Section        0  stm32g4xx_hal_uart.o(i.UART_DMAReceiveCplt)
    UART_DMAReceiveCplt                      0x08005f95   Thumb Code   130  stm32g4xx_hal_uart.o(i.UART_DMAReceiveCplt)
    i.UART_DMARxHalfCplt                     0x08006016   Section        0  stm32g4xx_hal_uart.o(i.UART_DMARxHalfCplt)
    UART_DMARxHalfCplt                       0x08006017   Thumb Code    28  stm32g4xx_hal_uart.o(i.UART_DMARxHalfCplt)
    i.UART_DMATransmitCplt                   0x08006032   Section        0  stm32g4xx_hal_uart.o(i.UART_DMATransmitCplt)
    UART_DMATransmitCplt                     0x08006033   Thumb Code    66  stm32g4xx_hal_uart.o(i.UART_DMATransmitCplt)
    i.UART_DMATxHalfCplt                     0x08006074   Section        0  stm32g4xx_hal_uart.o(i.UART_DMATxHalfCplt)
    UART_DMATxHalfCplt                       0x08006075   Thumb Code    10  stm32g4xx_hal_uart.o(i.UART_DMATxHalfCplt)
    i.UART_EndRxTransfer                     0x08006080   Section        0  stm32g4xx_hal_uart.o(i.UART_EndRxTransfer)
    UART_EndRxTransfer                       0x08006081   Thumb Code    78  stm32g4xx_hal_uart.o(i.UART_EndRxTransfer)
    i.UART_EndTxTransfer                     0x080060d4   Section        0  stm32g4xx_hal_uart.o(i.UART_EndTxTransfer)
    UART_EndTxTransfer                       0x080060d5   Thumb Code    46  stm32g4xx_hal_uart.o(i.UART_EndTxTransfer)
    i.UART_SetConfig                         0x08006104   Section        0  stm32g4xx_hal_uart.o(i.UART_SetConfig)
    i.UART_Start_Receive_DMA                 0x08006378   Section        0  stm32g4xx_hal_uart.o(i.UART_Start_Receive_DMA)
    i.UART_WaitOnFlagUntilTimeout            0x0800641c   Section        0  stm32g4xx_hal_uart.o(i.UART_WaitOnFlagUntilTimeout)
    i.USART1_IRQHandler                      0x080064e4   Section        0  stm32g4xx_it.o(i.USART1_IRQHandler)
    i.Updata                                 0x08006540   Section        0  flash.o(i.Updata)
    i.UsageFault_Handler                     0x0800662c   Section        0  stm32g4xx_it.o(i.UsageFault_Handler)
    i.__0printf                              0x08006630   Section        0  printfa.o(i.__0printf)
    i.__NVIC_SetPriority                     0x08006650   Section        0  stm32g4xx_hal_cortex.o(i.__NVIC_SetPriority)
    __NVIC_SetPriority                       0x08006651   Thumb Code    32  stm32g4xx_hal_cortex.o(i.__NVIC_SetPriority)
    i.__scatterload_copy                     0x08006670   Section       14  handlers.o(i.__scatterload_copy)
    i.__scatterload_null                     0x0800667e   Section        2  handlers.o(i.__scatterload_null)
    i.__scatterload_zeroinit                 0x08006680   Section       14  handlers.o(i.__scatterload_zeroinit)
    i._fp_digits                             0x08006690   Section        0  printfa.o(i._fp_digits)
    _fp_digits                               0x08006691   Thumb Code   366  printfa.o(i._fp_digits)
    i._printf_core                           0x08006814   Section        0  printfa.o(i._printf_core)
    _printf_core                             0x08006815   Thumb Code  1744  printfa.o(i._printf_core)
    i._printf_post_padding                   0x08006ef0   Section        0  printfa.o(i._printf_post_padding)
    _printf_post_padding                     0x08006ef1   Thumb Code    36  printfa.o(i._printf_post_padding)
    i._printf_pre_padding                    0x08006f14   Section        0  printfa.o(i._printf_pre_padding)
    _printf_pre_padding                      0x08006f15   Thumb Code    46  printfa.o(i._printf_pre_padding)
    i.fputc                                  0x08006f44   Section        0  usart.o(i.fputc)
    i.init_LED                               0x08006f5c   Section        0  led.o(i.init_LED)
    i.init_TB67H450                          0x08006f94   Section        0  tb67h450.o(i.init_TB67H450)
    i.main                                   0x08006fe4   Section        0  main.o(i.main)
    .constdata                               0x08007032   Section       24  stm32g4xx_hal_uart.o(.constdata)
    .constdata                               0x0800704a   Section       16  stm32g4xx_hal_uart_ex.o(.constdata)
    numerator                                0x0800704a   Data           8  stm32g4xx_hal_uart_ex.o(.constdata)
    denominator                              0x08007052   Data           8  stm32g4xx_hal_uart_ex.o(.constdata)
    .constdata                               0x0800705a   Section       16  system_stm32g4xx.o(.constdata)
    .constdata                               0x0800706a   Section        8  system_stm32g4xx.o(.constdata)
    .constdata                               0x08007072   Section     2048  foc.o(.constdata)
    .constdata                               0x08007874   Section      156  analog.o(.constdata)
    .data                                    0x20000000   Section        4  stm32g4xx_it.o(.data)
    count                                    0x20000000   Data           2  stm32g4xx_it.o(.data)
    fft_count                                0x20000002   Data           2  stm32g4xx_it.o(.data)
    .data                                    0x20000004   Section       12  stm32g4xx_hal.o(.data)
    .data                                    0x20000010   Section       32  stm32g4xx_hal_flash.o(.data)
    .data                                    0x20000030   Section        4  system_stm32g4xx.o(.data)
    .data                                    0x20000034   Section        2  foc.o(.data)
    .data                                    0x20000038   Section       72  pid.o(.data)
    count                                    0x20000038   Data           1  pid.o(.data)
    tbias                                    0x2000003c   Data           4  pid.o(.data)
    Last_Bias                                0x20000040   Data           8  pid.o(.data)
    Bias                                     0x20000048   Data           8  pid.o(.data)
    Bias                                     0x20000050   Data           8  pid.o(.data)
    Last_BiasSpeed                           0x20000058   Data           8  pid.o(.data)
    Integral_bias                            0x20000060   Data           8  pid.o(.data)
    Last_Bias                                0x20000068   Data           8  pid.o(.data)
    Integral_bias                            0x20000070   Data           8  pid.o(.data)
    Bias                                     0x20000078   Data           8  pid.o(.data)
    .data                                    0x20000080   Section       49  task.o(.data)
    .data                                    0x200000b1   Section        1  task.o(.data)
    .data                                    0x200000b2   Section        4  analog.o(.data)
    .data                                    0x200000b8   Section        4  flash.o(.data)
    .data                                    0x200000bc   Section       12  mt6816.o(.data)
    .data                                    0x200000c8   Section        1  tb67h450.o(.data)
    last_step                                0x200000c8   Data           1  tb67h450.o(.data)
    .data                                    0x200000cc   Section        4  stdout.o(.data)
    .bss                                     0x200000d0   Section      204  adc.o(.bss)
    .bss                                     0x2000019c   Section      100  spi.o(.bss)
    .bss                                     0x20000200   Section      304  tim.o(.bss)
    .bss                                     0x20000330   Section      488  usart.o(.bss)
    .bss                                     0x20000518   Section      420  foc.o(.bss)
    .bss                                     0x200006c0   Section      128  pid.o(.bss)
    .bss                                     0x20000740   Section       16  task.o(.bss)
    .bss                                     0x20000750   Section       12  analog.o(.bss)
    .bss                                     0x2000075c   Section       16  flash.o(.bss)
    EraseInitStruct                          0x2000075c   Data          16  flash.o(.bss)
    STACK                                    0x20000770   Section     1024  startup_stm32g431xx.o(STACK)

    Global Symbols

    Symbol Name                              Value     Ov Type        Size  Object(Section)

    BuildAttributes$$THM_ISAv4$E$P$D$K$B$S$7EM$VFPi3$EXTD16$VFPS$VFMA$PE$A:L22UL41UL21$X:L11$S22US41US21$IEEE1$IW$USESV6$~STKCKD$USESV7$~SHL$OTIME$ROPI$EBA8$MICROLIB$REQ8$PRES8$EABIv2 0x00000000   Number         0  anon$$obj.o ABSOLUTE
    __ARM_use_no_argv                        0x00000000   Number         0  main.o ABSOLUTE
    __cpp_initialize__aeabi_                  - Undefined Weak Reference
    __cxa_finalize                            - Undefined Weak Reference
    __decompress                              - Undefined Weak Reference
    _clock_init                               - Undefined Weak Reference
    _microlib_exit                            - Undefined Weak Reference
    __Vectors_Size                           0x000001d8   Number         0  startup_stm32g431xx.o ABSOLUTE
    __Vectors                                0x08000000   Data           4  startup_stm32g431xx.o(RESET)
    __Vectors_End                            0x080001d8   Data           0  startup_stm32g431xx.o(RESET)
    __main                                   0x080001d9   Thumb Code     0  entry.o(.ARM.Collect$$$$00000000)
    _main_stk                                0x080001d9   Thumb Code     0  entry2.o(.ARM.Collect$$$$00000001)
    _main_scatterload                        0x080001dd   Thumb Code     0  entry5.o(.ARM.Collect$$$$00000004)
    __main_after_scatterload                 0x080001e1   Thumb Code     0  entry5.o(.ARM.Collect$$$$00000004)
    _main_clock                              0x080001e1   Thumb Code     0  entry7b.o(.ARM.Collect$$$$00000008)
    _main_cpp_init                           0x080001e1   Thumb Code     0  entry8b.o(.ARM.Collect$$$$0000000A)
    _main_init                               0x080001e1   Thumb Code     0  entry9a.o(.ARM.Collect$$$$0000000B)
    __rt_final_cpp                           0x080001e9   Thumb Code     0  entry10a.o(.ARM.Collect$$$$0000000D)
    __rt_final_exit                          0x080001e9   Thumb Code     0  entry11a.o(.ARM.Collect$$$$0000000F)
    Reset_Handler                            0x080001ed   Thumb Code     8  startup_stm32g431xx.o(.text)
    ADC1_2_IRQHandler                        0x08000207   Thumb Code     0  startup_stm32g431xx.o(.text)
    COMP1_2_3_IRQHandler                     0x08000207   Thumb Code     0  startup_stm32g431xx.o(.text)
    COMP4_IRQHandler                         0x08000207   Thumb Code     0  startup_stm32g431xx.o(.text)
    CORDIC_IRQHandler                        0x08000207   Thumb Code     0  startup_stm32g431xx.o(.text)
    CRS_IRQHandler                           0x08000207   Thumb Code     0  startup_stm32g431xx.o(.text)
    DMA1_Channel4_IRQHandler                 0x08000207   Thumb Code     0  startup_stm32g431xx.o(.text)
    DMA1_Channel5_IRQHandler                 0x08000207   Thumb Code     0  startup_stm32g431xx.o(.text)
    DMA1_Channel6_IRQHandler                 0x08000207   Thumb Code     0  startup_stm32g431xx.o(.text)
    DMA2_Channel1_IRQHandler                 0x08000207   Thumb Code     0  startup_stm32g431xx.o(.text)
    DMA2_Channel2_IRQHandler                 0x08000207   Thumb Code     0  startup_stm32g431xx.o(.text)
    DMA2_Channel3_IRQHandler                 0x08000207   Thumb Code     0  startup_stm32g431xx.o(.text)
    DMA2_Channel4_IRQHandler                 0x08000207   Thumb Code     0  startup_stm32g431xx.o(.text)
    DMA2_Channel5_IRQHandler                 0x08000207   Thumb Code     0  startup_stm32g431xx.o(.text)
    DMA2_Channel6_IRQHandler                 0x08000207   Thumb Code     0  startup_stm32g431xx.o(.text)
    DMAMUX_OVR_IRQHandler                    0x08000207   Thumb Code     0  startup_stm32g431xx.o(.text)
    EXTI0_IRQHandler                         0x08000207   Thumb Code     0  startup_stm32g431xx.o(.text)
    EXTI15_10_IRQHandler                     0x08000207   Thumb Code     0  startup_stm32g431xx.o(.text)
    EXTI1_IRQHandler                         0x08000207   Thumb Code     0  startup_stm32g431xx.o(.text)
    EXTI2_IRQHandler                         0x08000207   Thumb Code     0  startup_stm32g431xx.o(.text)
    EXTI3_IRQHandler                         0x08000207   Thumb Code     0  startup_stm32g431xx.o(.text)
    EXTI4_IRQHandler                         0x08000207   Thumb Code     0  startup_stm32g431xx.o(.text)
    EXTI9_5_IRQHandler                       0x08000207   Thumb Code     0  startup_stm32g431xx.o(.text)
    FDCAN1_IT0_IRQHandler                    0x08000207   Thumb Code     0  startup_stm32g431xx.o(.text)
    FDCAN1_IT1_IRQHandler                    0x08000207   Thumb Code     0  startup_stm32g431xx.o(.text)
    FLASH_IRQHandler                         0x08000207   Thumb Code     0  startup_stm32g431xx.o(.text)
    FMAC_IRQHandler                          0x08000207   Thumb Code     0  startup_stm32g431xx.o(.text)
    FPU_IRQHandler                           0x08000207   Thumb Code     0  startup_stm32g431xx.o(.text)
    I2C1_ER_IRQHandler                       0x08000207   Thumb Code     0  startup_stm32g431xx.o(.text)
    I2C1_EV_IRQHandler                       0x08000207   Thumb Code     0  startup_stm32g431xx.o(.text)
    I2C2_ER_IRQHandler                       0x08000207   Thumb Code     0  startup_stm32g431xx.o(.text)
    I2C2_EV_IRQHandler                       0x08000207   Thumb Code     0  startup_stm32g431xx.o(.text)
    I2C3_ER_IRQHandler                       0x08000207   Thumb Code     0  startup_stm32g431xx.o(.text)
    I2C3_EV_IRQHandler                       0x08000207   Thumb Code     0  startup_stm32g431xx.o(.text)
    LPTIM1_IRQHandler                        0x08000207   Thumb Code     0  startup_stm32g431xx.o(.text)
    LPUART1_IRQHandler                       0x08000207   Thumb Code     0  startup_stm32g431xx.o(.text)
    PVD_PVM_IRQHandler                       0x08000207   Thumb Code     0  startup_stm32g431xx.o(.text)
    RCC_IRQHandler                           0x08000207   Thumb Code     0  startup_stm32g431xx.o(.text)
    RNG_IRQHandler                           0x08000207   Thumb Code     0  startup_stm32g431xx.o(.text)
    RTC_Alarm_IRQHandler                     0x08000207   Thumb Code     0  startup_stm32g431xx.o(.text)
    RTC_TAMP_LSECSS_IRQHandler               0x08000207   Thumb Code     0  startup_stm32g431xx.o(.text)
    RTC_WKUP_IRQHandler                      0x08000207   Thumb Code     0  startup_stm32g431xx.o(.text)
    SAI1_IRQHandler                          0x08000207   Thumb Code     0  startup_stm32g431xx.o(.text)
    SPI1_IRQHandler                          0x08000207   Thumb Code     0  startup_stm32g431xx.o(.text)
    SPI2_IRQHandler                          0x08000207   Thumb Code     0  startup_stm32g431xx.o(.text)
    SPI3_IRQHandler                          0x08000207   Thumb Code     0  startup_stm32g431xx.o(.text)
    TIM1_BRK_TIM15_IRQHandler                0x08000207   Thumb Code     0  startup_stm32g431xx.o(.text)
    TIM1_CC_IRQHandler                       0x08000207   Thumb Code     0  startup_stm32g431xx.o(.text)
    TIM1_TRG_COM_TIM17_IRQHandler            0x08000207   Thumb Code     0  startup_stm32g431xx.o(.text)
    TIM1_UP_TIM16_IRQHandler                 0x08000207   Thumb Code     0  startup_stm32g431xx.o(.text)
    TIM2_IRQHandler                          0x08000207   Thumb Code     0  startup_stm32g431xx.o(.text)
    TIM6_DAC_IRQHandler                      0x08000207   Thumb Code     0  startup_stm32g431xx.o(.text)
    TIM7_IRQHandler                          0x08000207   Thumb Code     0  startup_stm32g431xx.o(.text)
    TIM8_BRK_IRQHandler                      0x08000207   Thumb Code     0  startup_stm32g431xx.o(.text)
    TIM8_CC_IRQHandler                       0x08000207   Thumb Code     0  startup_stm32g431xx.o(.text)
    TIM8_TRG_COM_IRQHandler                  0x08000207   Thumb Code     0  startup_stm32g431xx.o(.text)
    TIM8_UP_IRQHandler                       0x08000207   Thumb Code     0  startup_stm32g431xx.o(.text)
    UART4_IRQHandler                         0x08000207   Thumb Code     0  startup_stm32g431xx.o(.text)
    UCPD1_IRQHandler                         0x08000207   Thumb Code     0  startup_stm32g431xx.o(.text)
    USART2_IRQHandler                        0x08000207   Thumb Code     0  startup_stm32g431xx.o(.text)
    USART3_IRQHandler                        0x08000207   Thumb Code     0  startup_stm32g431xx.o(.text)
    USBWakeUp_IRQHandler                     0x08000207   Thumb Code     0  startup_stm32g431xx.o(.text)
    USB_HP_IRQHandler                        0x08000207   Thumb Code     0  startup_stm32g431xx.o(.text)
    USB_LP_IRQHandler                        0x08000207   Thumb Code     0  startup_stm32g431xx.o(.text)
    WWDG_IRQHandler                          0x08000207   Thumb Code     0  startup_stm32g431xx.o(.text)
    __aeabi_uldivmod                         0x08000211   Thumb Code    98  uldiv.o(.text)
    __aeabi_memset                           0x08000273   Thumb Code    14  memseta.o(.text)
    __aeabi_memset4                          0x08000273   Thumb Code     0  memseta.o(.text)
    __aeabi_memset8                          0x08000273   Thumb Code     0  memseta.o(.text)
    __aeabi_memclr                           0x08000281   Thumb Code     4  memseta.o(.text)
    __aeabi_memclr4                          0x08000281   Thumb Code     0  memseta.o(.text)
    __aeabi_memclr8                          0x08000281   Thumb Code     0  memseta.o(.text)
    _memset$wrapper                          0x08000285   Thumb Code    18  memseta.o(.text)
    __aeabi_dadd                             0x08000297   Thumb Code   322  dadd.o(.text)
    __aeabi_dsub                             0x080003d9   Thumb Code     6  dadd.o(.text)
    __aeabi_drsub                            0x080003df   Thumb Code     6  dadd.o(.text)
    __aeabi_dmul                             0x080003e5   Thumb Code   228  dmul.o(.text)
    __aeabi_ddiv                             0x080004c9   Thumb Code   222  ddiv.o(.text)
    __aeabi_l2f                              0x080005a7   Thumb Code    44  ffltl.o(.text)
    __aeabi_i2d                              0x080005d3   Thumb Code    34  dflti.o(.text)
    __aeabi_ui2d                             0x080005f5   Thumb Code    26  dfltui.o(.text)
    __aeabi_l2d                              0x0800060f   Thumb Code    40  dfltl.o(.text)
    __aeabi_d2iz                             0x08000637   Thumb Code    62  dfixi.o(.text)
    __aeabi_f2d                              0x08000675   Thumb Code    38  f2d.o(.text)
    __aeabi_cdcmpeq                          0x0800069d   Thumb Code     0  cdcmple.o(.text)
    __aeabi_cdcmple                          0x0800069d   Thumb Code    48  cdcmple.o(.text)
    __aeabi_cdrcmple                         0x080006cd   Thumb Code    48  cdrcmple.o(.text)
    __aeabi_d2f                              0x080006fd   Thumb Code    56  d2f.o(.text)
    __aeabi_uidiv                            0x08000735   Thumb Code     0  uidiv.o(.text)
    __aeabi_uidivmod                         0x08000735   Thumb Code    44  uidiv.o(.text)
    __aeabi_llsl                             0x08000761   Thumb Code    30  llshl.o(.text)
    _ll_shift_l                              0x08000761   Thumb Code     0  llshl.o(.text)
    __aeabi_llsr                             0x0800077f   Thumb Code    32  llushr.o(.text)
    _ll_ushift_r                             0x0800077f   Thumb Code     0  llushr.o(.text)
    __aeabi_lasr                             0x0800079f   Thumb Code    36  llsshr.o(.text)
    _ll_sshift_r                             0x0800079f   Thumb Code     0  llsshr.o(.text)
    __I$use$fp                               0x080007c3   Thumb Code     0  iusefp.o(.text)
    _float_round                             0x080007c3   Thumb Code    18  fepilogue.o(.text)
    _float_epilogue                          0x080007d5   Thumb Code    92  fepilogue.o(.text)
    _double_round                            0x08000831   Thumb Code    30  depilogue.o(.text)
    _double_epilogue                         0x0800084f   Thumb Code   156  depilogue.o(.text)
    __aeabi_d2ulz                            0x080008eb   Thumb Code    48  dfixul.o(.text)
    __scatterload                            0x0800091d   Thumb Code    28  init.o(.text)
    __scatterload_rt2                        0x0800091d   Thumb Code     0  init.o(.text)
    ADC_DMAConvCplt                          0x08000941   Thumb Code   104  stm32g4xx_hal_adc.o(i.ADC_DMAConvCplt)
    ADC_DMAError                             0x080009a9   Thumb Code    26  stm32g4xx_hal_adc.o(i.ADC_DMAError)
    ADC_DMAHalfConvCplt                      0x080009c3   Thumb Code    10  stm32g4xx_hal_adc.o(i.ADC_DMAHalfConvCplt)
    ADC_Enable                               0x080009cd   Thumb Code   110  stm32g4xx_hal_adc.o(i.ADC_Enable)
    ADC_Updata                               0x08000a41   Thumb Code   206  analog.o(i.ADC_Updata)
    Angle_PID                                0x08000b4d   Thumb Code   250  pid.o(i.Angle_PID)
    BusFault_Handler                         0x08000c65   Thumb Code     2  stm32g4xx_it.o(i.BusFault_Handler)
    Close_loop                               0x08000c69   Thumb Code    28  task.o(i.Close_loop)
    DMA1_Channel1_IRQHandler                 0x08000c89   Thumb Code     6  stm32g4xx_it.o(i.DMA1_Channel1_IRQHandler)
    DMA1_Channel2_IRQHandler                 0x08000c95   Thumb Code     6  stm32g4xx_it.o(i.DMA1_Channel2_IRQHandler)
    DMA1_Channel3_IRQHandler                 0x08000ca1   Thumb Code     6  stm32g4xx_it.o(i.DMA1_Channel3_IRQHandler)
    DebugMon_Handler                         0x08000d4f   Thumb Code     2  stm32g4xx_it.o(i.DebugMon_Handler)
    Enable_DMA                               0x08000d51   Thumb Code    26  task.o(i.Enable_DMA)
    Enable_IT                                0x08000d79   Thumb Code    28  task.o(i.Enable_IT)
    Error_Handler                            0x08000da1   Thumb Code     4  main.o(i.Error_Handler)
    FLASH_FlushCaches                        0x08000da5   Thumb Code    84  stm32g4xx_hal_flash_ex.o(i.FLASH_FlushCaches)
    FLASH_PageErase                          0x08000e1d   Thumb Code    34  stm32g4xx_hal_flash_ex.o(i.FLASH_PageErase)
    FLASH_WaitForLastOperation               0x08000e8d   Thumb Code    86  stm32g4xx_hal_flash.o(i.FLASH_WaitForLastOperation)
    FOC_Ctrl                                 0x08000eed   Thumb Code   100  foc.o(i.FOC_Ctrl)
    FOC_Init                                 0x08000f59   Thumb Code    80  foc.o(i.FOC_Init)
    Flash_Erase                              0x08000fb5   Thumb Code    94  flash.o(i.Flash_Erase)
    Flash_Read_Angle                         0x08001039   Thumb Code    36  flash.o(i.Flash_Read_Angle)
    Flash_Read_Parameter                     0x08001061   Thumb Code   136  flash.o(i.Flash_Read_Parameter)
    Flash_Write                              0x080010ed   Thumb Code    62  flash.o(i.Flash_Write)
    HAL_ADCEx_MultiModeConfigChannel         0x08001135   Thumb Code   208  stm32g4xx_hal_adc_ex.o(i.HAL_ADCEx_MultiModeConfigChannel)
    HAL_ADC_ConfigChannel                    0x0800120d   Thumb Code   998  stm32g4xx_hal_adc.o(i.HAL_ADC_ConfigChannel)
    HAL_ADC_ConvCpltCallback                 0x08001625   Thumb Code     2  stm32g4xx_hal_adc.o(i.HAL_ADC_ConvCpltCallback)
    HAL_ADC_ConvHalfCpltCallback             0x08001627   Thumb Code     2  stm32g4xx_hal_adc.o(i.HAL_ADC_ConvHalfCpltCallback)
    HAL_ADC_ErrorCallback                    0x08001629   Thumb Code     2  stm32g4xx_hal_adc.o(i.HAL_ADC_ErrorCallback)
    HAL_ADC_Init                             0x0800162d   Thumb Code   476  stm32g4xx_hal_adc.o(i.HAL_ADC_Init)
    HAL_ADC_MspInit                          0x08001829   Thumb Code   160  adc.o(i.HAL_ADC_MspInit)
    HAL_ADC_Start_DMA                        0x080018d5   Thumb Code   214  stm32g4xx_hal_adc.o(i.HAL_ADC_Start_DMA)
    HAL_DMA_Abort                            0x080019c5   Thumb Code   106  stm32g4xx_hal_dma.o(i.HAL_DMA_Abort)
    HAL_DMA_Abort_IT                         0x08001a2f   Thumb Code   120  stm32g4xx_hal_dma.o(i.HAL_DMA_Abort_IT)
    HAL_DMA_GetError                         0x08001aa7   Thumb Code     4  stm32g4xx_hal_dma.o(i.HAL_DMA_GetError)
    HAL_DMA_IRQHandler                       0x08001aab   Thumb Code   186  stm32g4xx_hal_dma.o(i.HAL_DMA_IRQHandler)
    HAL_DMA_Init                             0x08001b65   Thumb Code   178  stm32g4xx_hal_dma.o(i.HAL_DMA_Init)
    HAL_DMA_Start_IT                         0x08001c25   Thumb Code   140  stm32g4xx_hal_dma.o(i.HAL_DMA_Start_IT)
    HAL_Delay                                0x08001cb1   Thumb Code    32  stm32g4xx_hal.o(i.HAL_Delay)
    HAL_FLASHEx_Erase                        0x08001cd5   Thumb Code   202  stm32g4xx_hal_flash_ex.o(i.HAL_FLASHEx_Erase)
    HAL_FLASH_Lock                           0x08001da9   Thumb Code    22  stm32g4xx_hal_flash.o(i.HAL_FLASH_Lock)
    HAL_FLASH_Program                        0x08001dc5   Thumb Code   116  stm32g4xx_hal_flash.o(i.HAL_FLASH_Program)
    HAL_FLASH_Unlock                         0x08001e41   Thumb Code    28  stm32g4xx_hal_flash.o(i.HAL_FLASH_Unlock)
    HAL_GPIO_Init                            0x08001e69   Thumb Code   550  stm32g4xx_hal_gpio.o(i.HAL_GPIO_Init)
    HAL_GPIO_ReadPin                         0x080020b1   Thumb Code    10  stm32g4xx_hal_gpio.o(i.HAL_GPIO_ReadPin)
    HAL_GPIO_WritePin                        0x080020bb   Thumb Code    10  stm32g4xx_hal_gpio.o(i.HAL_GPIO_WritePin)
    HAL_GetTick                              0x080020c5   Thumb Code     6  stm32g4xx_hal.o(i.HAL_GetTick)
    HAL_IncTick                              0x080020d1   Thumb Code    12  stm32g4xx_hal.o(i.HAL_IncTick)
    HAL_Init                                 0x080020e1   Thumb Code    30  stm32g4xx_hal.o(i.HAL_Init)
    HAL_InitTick                             0x08002101   Thumb Code    58  stm32g4xx_hal.o(i.HAL_InitTick)
    HAL_MspInit                              0x08002145   Thumb Code    42  stm32g4xx_hal_msp.o(i.HAL_MspInit)
    HAL_NVIC_EnableIRQ                       0x08002175   Thumb Code    26  stm32g4xx_hal_cortex.o(i.HAL_NVIC_EnableIRQ)
    HAL_NVIC_SetPriority                     0x08002191   Thumb Code    60  stm32g4xx_hal_cortex.o(i.HAL_NVIC_SetPriority)
    HAL_NVIC_SetPriorityGrouping             0x080021d1   Thumb Code    26  stm32g4xx_hal_cortex.o(i.HAL_NVIC_SetPriorityGrouping)
    HAL_PWREx_ControlVoltageScaling          0x080021f5   Thumb Code   174  stm32g4xx_hal_pwr_ex.o(i.HAL_PWREx_ControlVoltageScaling)
    HAL_PWREx_DisableUCPDDeadBattery         0x080022b1   Thumb Code    12  stm32g4xx_hal_pwr_ex.o(i.HAL_PWREx_DisableUCPDDeadBattery)
    HAL_RCCEx_PeriphCLKConfig                0x080022c1   Thumb Code   638  stm32g4xx_hal_rcc_ex.o(i.HAL_RCCEx_PeriphCLKConfig)
    HAL_RCC_ClockConfig                      0x08002549   Thumb Code   444  stm32g4xx_hal_rcc.o(i.HAL_RCC_ClockConfig)
    HAL_RCC_GetPCLK1Freq                     0x08002725   Thumb Code    24  stm32g4xx_hal_rcc.o(i.HAL_RCC_GetPCLK1Freq)
    HAL_RCC_GetPCLK2Freq                     0x08002749   Thumb Code    24  stm32g4xx_hal_rcc.o(i.HAL_RCC_GetPCLK2Freq)
    HAL_RCC_GetSysClockFreq                  0x0800276d   Thumb Code    98  stm32g4xx_hal_rcc.o(i.HAL_RCC_GetSysClockFreq)
    HAL_RCC_OscConfig                        0x080027dd   Thumb Code  1036  stm32g4xx_hal_rcc.o(i.HAL_RCC_OscConfig)
    HAL_SPI_Init                             0x08002be9   Thumb Code   234  stm32g4xx_hal_spi.o(i.HAL_SPI_Init)
    HAL_SPI_MspInit                          0x08002cd5   Thumb Code    86  spi.o(i.HAL_SPI_MspInit)
    HAL_SPI_TransmitReceive                  0x08002d39   Thumb Code   610  stm32g4xx_hal_spi.o(i.HAL_SPI_TransmitReceive)
    HAL_SYSTICK_Config                       0x08002f9b   Thumb Code    40  stm32g4xx_hal_cortex.o(i.HAL_SYSTICK_Config)
    HAL_TIMEx_Break2Callback                 0x08002fc3   Thumb Code     2  stm32g4xx_hal_tim_ex.o(i.HAL_TIMEx_Break2Callback)
    HAL_TIMEx_BreakCallback                  0x08002fc5   Thumb Code     2  stm32g4xx_hal_tim_ex.o(i.HAL_TIMEx_BreakCallback)
    HAL_TIMEx_CommutCallback                 0x08002fc7   Thumb Code     2  stm32g4xx_hal_tim_ex.o(i.HAL_TIMEx_CommutCallback)
    HAL_TIMEx_ConfigBreakDeadTime            0x08002fc9   Thumb Code   164  stm32g4xx_hal_tim_ex.o(i.HAL_TIMEx_ConfigBreakDeadTime)
    HAL_TIMEx_DirectionChangeCallback        0x08003075   Thumb Code     2  stm32g4xx_hal_tim_ex.o(i.HAL_TIMEx_DirectionChangeCallback)
    HAL_TIMEx_EncoderIndexCallback           0x08003077   Thumb Code     2  stm32g4xx_hal_tim_ex.o(i.HAL_TIMEx_EncoderIndexCallback)
    HAL_TIMEx_IndexErrorCallback             0x08003079   Thumb Code     2  stm32g4xx_hal_tim_ex.o(i.HAL_TIMEx_IndexErrorCallback)
    HAL_TIMEx_MasterConfigSynchronization    0x0800307d   Thumb Code   132  stm32g4xx_hal_tim_ex.o(i.HAL_TIMEx_MasterConfigSynchronization)
    HAL_TIMEx_TransitionErrorCallback        0x08003119   Thumb Code     2  stm32g4xx_hal_tim_ex.o(i.HAL_TIMEx_TransitionErrorCallback)
    HAL_TIM_Base_Init                        0x0800311b   Thumb Code    98  stm32g4xx_hal_tim.o(i.HAL_TIM_Base_Init)
    HAL_TIM_Base_MspInit                     0x0800317d   Thumb Code   130  tim.o(i.HAL_TIM_Base_MspInit)
    HAL_TIM_Base_Start_IT                    0x08003211   Thumb Code    94  stm32g4xx_hal_tim.o(i.HAL_TIM_Base_Start_IT)
    HAL_TIM_ConfigClockSource                0x08003289   Thumb Code   246  stm32g4xx_hal_tim.o(i.HAL_TIM_ConfigClockSource)
    HAL_TIM_IC_CaptureCallback               0x08003389   Thumb Code     2  stm32g4xx_hal_tim.o(i.HAL_TIM_IC_CaptureCallback)
    HAL_TIM_IRQHandler                       0x0800338b   Thumb Code   508  stm32g4xx_hal_tim.o(i.HAL_TIM_IRQHandler)
    HAL_TIM_MspPostInit                      0x08003589   Thumb Code   118  tim.o(i.HAL_TIM_MspPostInit)
    HAL_TIM_OC_DelayElapsedCallback          0x0800360d   Thumb Code     2  stm32g4xx_hal_tim.o(i.HAL_TIM_OC_DelayElapsedCallback)
    HAL_TIM_PWM_ConfigChannel                0x0800360f   Thumb Code   292  stm32g4xx_hal_tim.o(i.HAL_TIM_PWM_ConfigChannel)
    HAL_TIM_PWM_Init                         0x08003733   Thumb Code    98  stm32g4xx_hal_tim.o(i.HAL_TIM_PWM_Init)
    HAL_TIM_PWM_MspInit                      0x08003795   Thumb Code     2  stm32g4xx_hal_tim.o(i.HAL_TIM_PWM_MspInit)
    HAL_TIM_PWM_PulseFinishedCallback        0x08003797   Thumb Code     2  stm32g4xx_hal_tim.o(i.HAL_TIM_PWM_PulseFinishedCallback)
    HAL_TIM_PWM_Start                        0x08003799   Thumb Code   218  stm32g4xx_hal_tim.o(i.HAL_TIM_PWM_Start)
    HAL_TIM_PeriodElapsedCallback            0x08003895   Thumb Code     2  stm32g4xx_hal_tim.o(i.HAL_TIM_PeriodElapsedCallback)
    HAL_TIM_TriggerCallback                  0x08003897   Thumb Code     2  stm32g4xx_hal_tim.o(i.HAL_TIM_TriggerCallback)
    HAL_UARTEx_DisableFifoMode               0x08003899   Thumb Code    62  stm32g4xx_hal_uart_ex.o(i.HAL_UARTEx_DisableFifoMode)
    HAL_UARTEx_RxEventCallback               0x080038d7   Thumb Code     2  stm32g4xx_hal_uart.o(i.HAL_UARTEx_RxEventCallback)
    HAL_UARTEx_RxFifoFullCallback            0x080038d9   Thumb Code     2  stm32g4xx_hal_uart_ex.o(i.HAL_UARTEx_RxFifoFullCallback)
    HAL_UARTEx_SetRxFifoThreshold            0x080038db   Thumb Code    76  stm32g4xx_hal_uart_ex.o(i.HAL_UARTEx_SetRxFifoThreshold)
    HAL_UARTEx_SetTxFifoThreshold            0x08003927   Thumb Code    76  stm32g4xx_hal_uart_ex.o(i.HAL_UARTEx_SetTxFifoThreshold)
    HAL_UARTEx_TxFifoEmptyCallback           0x08003973   Thumb Code     2  stm32g4xx_hal_uart_ex.o(i.HAL_UARTEx_TxFifoEmptyCallback)
    HAL_UARTEx_WakeupCallback                0x08003975   Thumb Code     2  stm32g4xx_hal_uart_ex.o(i.HAL_UARTEx_WakeupCallback)
    HAL_UART_DMAStop                         0x08003977   Thumb Code   144  stm32g4xx_hal_uart.o(i.HAL_UART_DMAStop)
    HAL_UART_ErrorCallback                   0x08003a07   Thumb Code     2  stm32g4xx_hal_uart.o(i.HAL_UART_ErrorCallback)
    HAL_UART_IRQHandler                      0x08003a09   Thumb Code   722  stm32g4xx_hal_uart.o(i.HAL_UART_IRQHandler)
    HAL_UART_Init                            0x08003ce9   Thumb Code   106  stm32g4xx_hal_uart.o(i.HAL_UART_Init)
    HAL_UART_MspInit                         0x08003d55   Thumb Code   220  usart.o(i.HAL_UART_MspInit)
    HAL_UART_Receive_DMA                     0x08003e45   Thumb Code    80  stm32g4xx_hal_uart.o(i.HAL_UART_Receive_DMA)
    HAL_UART_RxCpltCallback                  0x08003e99   Thumb Code     2  stm32g4xx_hal_uart.o(i.HAL_UART_RxCpltCallback)
    HAL_UART_RxHalfCpltCallback              0x08003e9b   Thumb Code     2  stm32g4xx_hal_uart.o(i.HAL_UART_RxHalfCpltCallback)
    HAL_UART_Transmit_DMA                    0x08003e9d   Thumb Code   150  stm32g4xx_hal_uart.o(i.HAL_UART_Transmit_DMA)
    HAL_UART_TxCpltCallback                  0x08003f41   Thumb Code     2  stm32g4xx_hal_uart.o(i.HAL_UART_TxCpltCallback)
    HAL_UART_TxHalfCpltCallback              0x08003f43   Thumb Code     2  stm32g4xx_hal_uart.o(i.HAL_UART_TxHalfCpltCallback)
    HardFault_Handler                        0x08003f45   Thumb Code     2  stm32g4xx_it.o(i.HardFault_Handler)
    Inform_Updata                            0x08003f49   Thumb Code   386  task.o(i.Inform_Updata)
    LED_RGB                                  0x080040d9   Thumb Code    44  led.o(i.LED_RGB)
    MT6816_Init                              0x0800416d   Thumb Code   222  mt6816.o(i.MT6816_Init)
    MX_ADC1_Init                             0x08004259   Thumb Code   162  adc.o(i.MX_ADC1_Init)
    MX_DMA_Init                              0x08004309   Thumb Code    88  dma.o(i.MX_DMA_Init)
    MX_GPIO_Init                             0x08004365   Thumb Code   144  gpio.o(i.MX_GPIO_Init)
    MX_SPI1_Init                             0x080043fd   Thumb Code    72  spi.o(i.MX_SPI1_Init)
    MX_TIM1_Init                             0x0800444d   Thumb Code   240  tim.o(i.MX_TIM1_Init)
    MX_TIM2_Init                             0x08004545   Thumb Code   162  tim.o(i.MX_TIM2_Init)
    MX_TIM3_Init                             0x080045ed   Thumb Code    94  tim.o(i.MX_TIM3_Init)
    MX_TIM4_Init                             0x08004655   Thumb Code    96  tim.o(i.MX_TIM4_Init)
    MX_USART1_UART_Init                      0x080046bd   Thumb Code    94  usart.o(i.MX_USART1_UART_Init)
    Manage_Command                           0x08004725   Thumb Code  1626  task.o(i.Manage_Command)
    MemManage_Handler                        0x08004d95   Thumb Code     2  stm32g4xx_it.o(i.MemManage_Handler)
    NMI_Handler                              0x08004d97   Thumb Code     2  stm32g4xx_it.o(i.NMI_Handler)
    PID_Ctrl                                 0x08004d99   Thumb Code   126  pid.o(i.PID_Ctrl)
    PID_init                                 0x08004e2d   Thumb Code   390  pid.o(i.PID_init)
    PendSV_Handler                           0x08004fdd   Thumb Code     2  stm32g4xx_it.o(i.PendSV_Handler)
    Position_PID                             0x08004fe1   Thumb Code   380  pid.o(i.Position_PID)
    REIN_MT6816_Get_AngleData                0x08005179   Thumb Code    18  mt6816.o(i.REIN_MT6816_Get_AngleData)
    RINE_MT6816_SPI_Get_AngleData            0x08005191   Thumb Code   210  mt6816.o(i.RINE_MT6816_SPI_Get_AngleData)
    SVC_Handler                              0x0800544d   Thumb Code     2  stm32g4xx_it.o(i.SVC_Handler)
    Sector_tracker                           0x08005451   Thumb Code   250  foc.o(i.Sector_tracker)
    Set_I                                    0x08005559   Thumb Code    98  tb67h450.o(i.Set_I)
    Speed_PID_Iq                             0x080055bd   Thumb Code   270  pid.o(i.Speed_PID_Iq)
    StepCtrl                                 0x080056e9   Thumb Code   148  tb67h450.o(i.StepCtrl)
    SysTick_Handler                          0x08005781   Thumb Code     4  stm32g4xx_it.o(i.SysTick_Handler)
    SystemClock_Config                       0x08005785   Thumb Code   100  main.o(i.SystemClock_Config)
    SystemInit                               0x080057e9   Thumb Code    12  system_stm32g4xx.o(i.SystemInit)
    TIM3_IRQHandler                          0x080057f9   Thumb Code    16  stm32g4xx_it.o(i.TIM3_IRQHandler)
    TIM4_IRQHandler                          0x0800580d   Thumb Code   290  stm32g4xx_it.o(i.TIM4_IRQHandler)
    TIM_Base_SetConfig                       0x0800595d   Thumb Code   146  stm32g4xx_hal_tim.o(i.TIM_Base_SetConfig)
    TIM_CCxChannelCmd                        0x08005a0d   Thumb Code    26  stm32g4xx_hal_tim.o(i.TIM_CCxChannelCmd)
    TIM_ETR_SetConfig                        0x08005a27   Thumb Code    20  stm32g4xx_hal_tim.o(i.TIM_ETR_SetConfig)
    TIM_OC2_SetConfig                        0x08005aed   Thumb Code   120  stm32g4xx_hal_tim.o(i.TIM_OC2_SetConfig)
    UART_AdvFeatureConfig                    0x08005e09   Thumb Code   200  stm32g4xx_hal_uart.o(i.UART_AdvFeatureConfig)
    UART_CheckIdleState                      0x08005ed1   Thumb Code    96  stm32g4xx_hal_uart.o(i.UART_CheckIdleState)
    UART_SetConfig                           0x08006105   Thumb Code   582  stm32g4xx_hal_uart.o(i.UART_SetConfig)
    UART_Start_Receive_DMA                   0x08006379   Thumb Code   152  stm32g4xx_hal_uart.o(i.UART_Start_Receive_DMA)
    UART_WaitOnFlagUntilTimeout              0x0800641d   Thumb Code   198  stm32g4xx_hal_uart.o(i.UART_WaitOnFlagUntilTimeout)
    USART1_IRQHandler                        0x080064e5   Thumb Code    72  stm32g4xx_it.o(i.USART1_IRQHandler)
    Updata                                   0x08006541   Thumb Code   232  flash.o(i.Updata)
    UsageFault_Handler                       0x0800662d   Thumb Code     2  stm32g4xx_it.o(i.UsageFault_Handler)
    __0printf                                0x08006631   Thumb Code    22  printfa.o(i.__0printf)
    __1printf                                0x08006631   Thumb Code     0  printfa.o(i.__0printf)
    __2printf                                0x08006631   Thumb Code     0  printfa.o(i.__0printf)
    __c89printf                              0x08006631   Thumb Code     0  printfa.o(i.__0printf)
    printf                                   0x08006631   Thumb Code     0  printfa.o(i.__0printf)
    __scatterload_copy                       0x08006671   Thumb Code    14  handlers.o(i.__scatterload_copy)
    __scatterload_null                       0x0800667f   Thumb Code     2  handlers.o(i.__scatterload_null)
    __scatterload_zeroinit                   0x08006681   Thumb Code    14  handlers.o(i.__scatterload_zeroinit)
    fputc                                    0x08006f45   Thumb Code    18  usart.o(i.fputc)
    init_LED                                 0x08006f5d   Thumb Code    46  led.o(i.init_LED)
    init_TB67H450                            0x08006f95   Thumb Code    76  tb67h450.o(i.init_TB67H450)
    main                                     0x08006fe5   Thumb Code    78  main.o(i.main)
    UARTPrescTable                           0x08007032   Data          24  stm32g4xx_hal_uart.o(.constdata)
    AHBPrescTable                            0x0800705a   Data          16  system_stm32g4xx.o(.constdata)
    APBPrescTable                            0x0800706a   Data           8  system_stm32g4xx.o(.constdata)
    sin_mp                                   0x08007072   Data        2048  foc.o(.constdata)
    temperature                              0x08007874   Data         156  analog.o(.constdata)
    Region$$Table$$Base                      0x08007910   Number         0  anon$$obj.o(Region$$Table)
    Region$$Table$$Limit                     0x08007930   Number         0  anon$$obj.o(Region$$Table)
    uwTickPrio                               0x20000004   Data           4  stm32g4xx_hal.o(.data)
    uwTickFreq                               0x20000008   Data           4  stm32g4xx_hal.o(.data)
    uwTick                                   0x2000000c   Data           4  stm32g4xx_hal.o(.data)
    pFlash                                   0x20000010   Data          32  stm32g4xx_hal_flash.o(.data)
    SystemCoreClock                          0x20000030   Data           4  system_stm32g4xx.o(.data)
    bias                                     0x20000034   Data           2  foc.o(.data)
    uart1_rx_count                           0x20000080   Data           1  task.o(.data)
    cmd_speed                                0x20000084   Data           4  task.o(.data)
    low_speed                                0x20000088   Data           4  task.o(.data)
    cmd_Iq                                   0x2000008c   Data           4  task.o(.data)
    updata_info                              0x20000090   Data          33  task.o(.data)
    Ce_flag                                  0x200000b1   Data           1  task.o(.data)
    adcBuf                                   0x200000b2   Data           4  analog.o(.data)
    PAGEError                                0x200000b8   Data           4  flash.o(.data)
    mt6816_spi                               0x200000bc   Data           6  mt6816.o(.data)
    mt6816                                   0x200000c2   Data           6  mt6816.o(.data)
    __stdout                                 0x200000cc   Data           4  stdout.o(.data)
    hadc1                                    0x200000d0   Data         108  adc.o(.bss)
    hdma_adc1                                0x2000013c   Data          96  adc.o(.bss)
    hspi1                                    0x2000019c   Data         100  spi.o(.bss)
    htim1                                    0x20000200   Data          76  tim.o(.bss)
    htim2                                    0x2000024c   Data          76  tim.o(.bss)
    htim3                                    0x20000298   Data          76  tim.o(.bss)
    htim4                                    0x200002e4   Data          76  tim.o(.bss)
    _dbg_TXBuff                              0x20000330   Data         150  usart.o(.bss)
    huart1                                   0x200003c8   Data         144  usart.o(.bss)
    hdma_usart1_rx                           0x20000458   Data          96  usart.o(.bss)
    hdma_usart1_tx                           0x200004b8   Data          96  usart.o(.bss)
    foc                                      0x20000518   Data          20  foc.o(.bss)
    Scope                                    0x2000052c   Data         400  foc.o(.bss)
    pid                                      0x200006c0   Data         128  pid.o(.bss)
    uart1_rx_buffer                          0x20000740   Data          16  task.o(.bss)
    myADC                                    0x20000750   Data          12  analog.o(.bss)
    __initial_sp                             0x20000b70   Data           0  startup_stm32g431xx.o(STACK)



==============================================================================

Memory Map of the image

  Image Entry point : 0x080001d9

  Load Region LR_IROM1 (Base: 0x08000000, Size: 0x00007a00, Max: 0x00020000, ABSOLUTE)

    Execution Region ER_IROM1 (Exec base: 0x08000000, Load base: 0x08000000, Size: 0x00007930, Max: 0x00020000, ABSOLUTE)

    Exec Addr    Load Addr    Size         Type   Attr      Idx    E Section Name        Object

    0x08000000   0x08000000   0x000001d8   Data   RO            3    RESET               startup_stm32g431xx.o
    0x080001d8   0x080001d8   0x00000000   Code   RO         4988  * .ARM.Collect$$$$00000000  mc_w.l(entry.o)
    0x080001d8   0x080001d8   0x00000004   Code   RO         5281    .ARM.Collect$$$$00000001  mc_w.l(entry2.o)
    0x080001dc   0x080001dc   0x00000004   Code   RO         5284    .ARM.Collect$$$$00000004  mc_w.l(entry5.o)
    0x080001e0   0x080001e0   0x00000000   Code   RO         5286    .ARM.Collect$$$$00000008  mc_w.l(entry7b.o)
    0x080001e0   0x080001e0   0x00000000   Code   RO         5288    .ARM.Collect$$$$0000000A  mc_w.l(entry8b.o)
    0x080001e0   0x080001e0   0x00000008   Code   RO         5289    .ARM.Collect$$$$0000000B  mc_w.l(entry9a.o)
    0x080001e8   0x080001e8   0x00000000   Code   RO         5291    .ARM.Collect$$$$0000000D  mc_w.l(entry10a.o)
    0x080001e8   0x080001e8   0x00000000   Code   RO         5293    .ARM.Collect$$$$0000000F  mc_w.l(entry11a.o)
    0x080001e8   0x080001e8   0x00000004   Code   RO         5282    .ARM.Collect$$$$00002712  mc_w.l(entry2.o)
    0x080001ec   0x080001ec   0x00000024   Code   RO            4    .text               startup_stm32g431xx.o
    0x08000210   0x08000210   0x00000062   Code   RO         4991    .text               mc_w.l(uldiv.o)
    0x08000272   0x08000272   0x00000024   Code   RO         4993    .text               mc_w.l(memseta.o)
    0x08000296   0x08000296   0x0000014e   Code   RO         5255    .text               mf_w.l(dadd.o)
    0x080003e4   0x080003e4   0x000000e4   Code   RO         5257    .text               mf_w.l(dmul.o)
    0x080004c8   0x080004c8   0x000000de   Code   RO         5259    .text               mf_w.l(ddiv.o)
    0x080005a6   0x080005a6   0x0000002c   Code   RO         5263    .text               mf_w.l(ffltl.o)
    0x080005d2   0x080005d2   0x00000022   Code   RO         5265    .text               mf_w.l(dflti.o)
    0x080005f4   0x080005f4   0x0000001a   Code   RO         5267    .text               mf_w.l(dfltui.o)
    0x0800060e   0x0800060e   0x00000028   Code   RO         5269    .text               mf_w.l(dfltl.o)
    0x08000636   0x08000636   0x0000003e   Code   RO         5271    .text               mf_w.l(dfixi.o)
    0x08000674   0x08000674   0x00000026   Code   RO         5273    .text               mf_w.l(f2d.o)
    0x0800069a   0x0800069a   0x00000002   PAD
    0x0800069c   0x0800069c   0x00000030   Code   RO         5275    .text               mf_w.l(cdcmple.o)
    0x080006cc   0x080006cc   0x00000030   Code   RO         5277    .text               mf_w.l(cdrcmple.o)
    0x080006fc   0x080006fc   0x00000038   Code   RO         5279    .text               mf_w.l(d2f.o)
    0x08000734   0x08000734   0x0000002c   Code   RO         5296    .text               mc_w.l(uidiv.o)
    0x08000760   0x08000760   0x0000001e   Code   RO         5298    .text               mc_w.l(llshl.o)
    0x0800077e   0x0800077e   0x00000020   Code   RO         5300    .text               mc_w.l(llushr.o)
    0x0800079e   0x0800079e   0x00000024   Code   RO         5302    .text               mc_w.l(llsshr.o)
    0x080007c2   0x080007c2   0x00000000   Code   RO         5304    .text               mc_w.l(iusefp.o)
    0x080007c2   0x080007c2   0x0000006e   Code   RO         5305    .text               mf_w.l(fepilogue.o)
    0x08000830   0x08000830   0x000000ba   Code   RO         5307    .text               mf_w.l(depilogue.o)
    0x080008ea   0x080008ea   0x00000030   Code   RO         5309    .text               mf_w.l(dfixul.o)
    0x0800091a   0x0800091a   0x00000002   PAD
    0x0800091c   0x0800091c   0x00000024   Code   RO         5311    .text               mc_w.l(init.o)
    0x08000940   0x08000940   0x00000068   Code   RO          631    i.ADC_DMAConvCplt   stm32g4xx_hal_adc.o
    0x080009a8   0x080009a8   0x0000001a   Code   RO          632    i.ADC_DMAError      stm32g4xx_hal_adc.o
    0x080009c2   0x080009c2   0x0000000a   Code   RO          633    i.ADC_DMAHalfConvCplt  stm32g4xx_hal_adc.o
    0x080009cc   0x080009cc   0x00000074   Code   RO          635    i.ADC_Enable        stm32g4xx_hal_adc.o
    0x08000a40   0x08000a40   0x0000010c   Code   RO         4786    i.ADC_Updata        analog.o
    0x08000b4c   0x08000b4c   0x00000118   Code   RO         4665    i.Angle_PID         pid.o
    0x08000c64   0x08000c64   0x00000002   Code   RO          493    i.BusFault_Handler  stm32g4xx_it.o
    0x08000c66   0x08000c66   0x00000002   PAD
    0x08000c68   0x08000c68   0x00000020   Code   RO         4728    i.Close_loop        task.o
    0x08000c88   0x08000c88   0x0000000c   Code   RO          494    i.DMA1_Channel1_IRQHandler  stm32g4xx_it.o
    0x08000c94   0x08000c94   0x0000000c   Code   RO          495    i.DMA1_Channel2_IRQHandler  stm32g4xx_it.o
    0x08000ca0   0x08000ca0   0x0000000c   Code   RO          496    i.DMA1_Channel3_IRQHandler  stm32g4xx_it.o
    0x08000cac   0x08000cac   0x00000040   Code   RO         1910    i.DMA_CalcDMAMUXChannelBaseAndMask  stm32g4xx_hal_dma.o
    0x08000cec   0x08000cec   0x00000024   Code   RO         1911    i.DMA_CalcDMAMUXRequestGenBaseAndMask  stm32g4xx_hal_dma.o
    0x08000d10   0x08000d10   0x0000003e   Code   RO         1912    i.DMA_SetConfig     stm32g4xx_hal_dma.o
    0x08000d4e   0x08000d4e   0x00000002   Code   RO          497    i.DebugMon_Handler  stm32g4xx_it.o
    0x08000d50   0x08000d50   0x00000028   Code   RO         4729    i.Enable_DMA        task.o
    0x08000d78   0x08000d78   0x00000028   Code   RO         4730    i.Enable_IT         task.o
    0x08000da0   0x08000da0   0x00000004   Code   RO           13    i.Error_Handler     main.o
    0x08000da4   0x08000da4   0x0000005c   Code   RO         1660    i.FLASH_FlushCaches  stm32g4xx_hal_flash_ex.o
    0x08000e00   0x08000e00   0x0000001c   Code   RO         1661    i.FLASH_MassErase   stm32g4xx_hal_flash_ex.o
    0x08000e1c   0x08000e1c   0x00000028   Code   RO         1663    i.FLASH_PageErase   stm32g4xx_hal_flash_ex.o
    0x08000e44   0x08000e44   0x0000001c   Code   RO         1551    i.FLASH_Program_DoubleWord  stm32g4xx_hal_flash.o
    0x08000e60   0x08000e60   0x0000002c   Code   RO         1552    i.FLASH_Program_Fast  stm32g4xx_hal_flash.o
    0x08000e8c   0x08000e8c   0x00000060   Code   RO         1553    i.FLASH_WaitForLastOperation  stm32g4xx_hal_flash.o
    0x08000eec   0x08000eec   0x0000006c   Code   RO         4618    i.FOC_Ctrl          foc.o
    0x08000f58   0x08000f58   0x0000005c   Code   RO         4619    i.FOC_Init          foc.o
    0x08000fb4   0x08000fb4   0x00000084   Code   RO         4821    i.Flash_Erase       flash.o
    0x08001038   0x08001038   0x00000028   Code   RO         4822    i.Flash_Read_Angle  flash.o
    0x08001060   0x08001060   0x0000008c   Code   RO         4823    i.Flash_Read_Parameter  flash.o
    0x080010ec   0x080010ec   0x00000048   Code   RO         4824    i.Flash_Write       flash.o
    0x08001134   0x08001134   0x000000d8   Code   RO          885    i.HAL_ADCEx_MultiModeConfigChannel  stm32g4xx_hal_adc_ex.o
    0x0800120c   0x0800120c   0x00000418   Code   RO          637    i.HAL_ADC_ConfigChannel  stm32g4xx_hal_adc.o
    0x08001624   0x08001624   0x00000002   Code   RO          638    i.HAL_ADC_ConvCpltCallback  stm32g4xx_hal_adc.o
    0x08001626   0x08001626   0x00000002   Code   RO          639    i.HAL_ADC_ConvHalfCpltCallback  stm32g4xx_hal_adc.o
    0x08001628   0x08001628   0x00000002   Code   RO          641    i.HAL_ADC_ErrorCallback  stm32g4xx_hal_adc.o
    0x0800162a   0x0800162a   0x00000002   PAD
    0x0800162c   0x0800162c   0x000001fc   Code   RO          646    i.HAL_ADC_Init      stm32g4xx_hal_adc.o
    0x08001828   0x08001828   0x000000ac   Code   RO          259    i.HAL_ADC_MspInit   adc.o
    0x080018d4   0x080018d4   0x000000f0   Code   RO          654    i.HAL_ADC_Start_DMA  stm32g4xx_hal_adc.o
    0x080019c4   0x080019c4   0x0000006a   Code   RO         1913    i.HAL_DMA_Abort     stm32g4xx_hal_dma.o
    0x08001a2e   0x08001a2e   0x00000078   Code   RO         1914    i.HAL_DMA_Abort_IT  stm32g4xx_hal_dma.o
    0x08001aa6   0x08001aa6   0x00000004   Code   RO         1916    i.HAL_DMA_GetError  stm32g4xx_hal_dma.o
    0x08001aaa   0x08001aaa   0x000000ba   Code   RO         1918    i.HAL_DMA_IRQHandler  stm32g4xx_hal_dma.o
    0x08001b64   0x08001b64   0x000000c0   Code   RO         1919    i.HAL_DMA_Init      stm32g4xx_hal_dma.o
    0x08001c24   0x08001c24   0x0000008c   Code   RO         1923    i.HAL_DMA_Start_IT  stm32g4xx_hal_dma.o
    0x08001cb0   0x08001cb0   0x00000024   Code   RO         1084    i.HAL_Delay         stm32g4xx_hal.o
    0x08001cd4   0x08001cd4   0x000000d4   Code   RO         1667    i.HAL_FLASHEx_Erase  stm32g4xx_hal_flash_ex.o
    0x08001da8   0x08001da8   0x0000001c   Code   RO         1557    i.HAL_FLASH_Lock    stm32g4xx_hal_flash.o
    0x08001dc4   0x08001dc4   0x0000007c   Code   RO         1562    i.HAL_FLASH_Program  stm32g4xx_hal_flash.o
    0x08001e40   0x08001e40   0x00000028   Code   RO         1564    i.HAL_FLASH_Unlock  stm32g4xx_hal_flash.o
    0x08001e68   0x08001e68   0x00000248   Code   RO         1775    i.HAL_GPIO_Init     stm32g4xx_hal_gpio.o
    0x080020b0   0x080020b0   0x0000000a   Code   RO         1777    i.HAL_GPIO_ReadPin  stm32g4xx_hal_gpio.o
    0x080020ba   0x080020ba   0x0000000a   Code   RO         1779    i.HAL_GPIO_WritePin  stm32g4xx_hal_gpio.o
    0x080020c4   0x080020c4   0x0000000c   Code   RO         1088    i.HAL_GetTick       stm32g4xx_hal.o
    0x080020d0   0x080020d0   0x00000010   Code   RO         1091    i.HAL_IncTick       stm32g4xx_hal.o
    0x080020e0   0x080020e0   0x0000001e   Code   RO         1092    i.HAL_Init          stm32g4xx_hal.o
    0x080020fe   0x080020fe   0x00000002   PAD
    0x08002100   0x08002100   0x00000044   Code   RO         1093    i.HAL_InitTick      stm32g4xx_hal.o
    0x08002144   0x08002144   0x00000030   Code   RO          606    i.HAL_MspInit       stm32g4xx_hal_msp.o
    0x08002174   0x08002174   0x0000001a   Code   RO         2422    i.HAL_NVIC_EnableIRQ  stm32g4xx_hal_cortex.o
    0x0800218e   0x0800218e   0x00000002   PAD
    0x08002190   0x08002190   0x00000040   Code   RO         2428    i.HAL_NVIC_SetPriority  stm32g4xx_hal_cortex.o
    0x080021d0   0x080021d0   0x00000024   Code   RO         2429    i.HAL_NVIC_SetPriorityGrouping  stm32g4xx_hal_cortex.o
    0x080021f4   0x080021f4   0x000000bc   Code   RO         2178    i.HAL_PWREx_ControlVoltageScaling  stm32g4xx_hal_pwr_ex.o
    0x080022b0   0x080022b0   0x00000010   Code   RO         2190    i.HAL_PWREx_DisableUCPDDeadBattery  stm32g4xx_hal_pwr_ex.o
    0x080022c0   0x080022c0   0x00000288   Code   RO         1437    i.HAL_RCCEx_PeriphCLKConfig  stm32g4xx_hal_rcc_ex.o
    0x08002548   0x08002548   0x000001dc   Code   RO         1312    i.HAL_RCC_ClockConfig  stm32g4xx_hal_rcc.o
    0x08002724   0x08002724   0x00000024   Code   RO         1320    i.HAL_RCC_GetPCLK1Freq  stm32g4xx_hal_rcc.o
    0x08002748   0x08002748   0x00000024   Code   RO         1321    i.HAL_RCC_GetPCLK2Freq  stm32g4xx_hal_rcc.o
    0x0800276c   0x0800276c   0x00000070   Code   RO         1322    i.HAL_RCC_GetSysClockFreq  stm32g4xx_hal_rcc.o
    0x080027dc   0x080027dc   0x0000040c   Code   RO         1325    i.HAL_RCC_OscConfig  stm32g4xx_hal_rcc.o
    0x08002be8   0x08002be8   0x000000ea   Code   RO         2563    i.HAL_SPI_Init      stm32g4xx_hal_spi.o
    0x08002cd2   0x08002cd2   0x00000002   PAD
    0x08002cd4   0x08002cd4   0x00000064   Code   RO          325    i.HAL_SPI_MspInit   spi.o
    0x08002d38   0x08002d38   0x00000262   Code   RO         2572    i.HAL_SPI_TransmitReceive  stm32g4xx_hal_spi.o
    0x08002f9a   0x08002f9a   0x00000028   Code   RO         2433    i.HAL_SYSTICK_Config  stm32g4xx_hal_cortex.o
    0x08002fc2   0x08002fc2   0x00000002   Code   RO         3619    i.HAL_TIMEx_Break2Callback  stm32g4xx_hal_tim_ex.o
    0x08002fc4   0x08002fc4   0x00000002   Code   RO         3620    i.HAL_TIMEx_BreakCallback  stm32g4xx_hal_tim_ex.o
    0x08002fc6   0x08002fc6   0x00000002   Code   RO         3621    i.HAL_TIMEx_CommutCallback  stm32g4xx_hal_tim_ex.o
    0x08002fc8   0x08002fc8   0x000000ac   Code   RO         3624    i.HAL_TIMEx_ConfigBreakDeadTime  stm32g4xx_hal_tim_ex.o
    0x08003074   0x08003074   0x00000002   Code   RO         3632    i.HAL_TIMEx_DirectionChangeCallback  stm32g4xx_hal_tim_ex.o
    0x08003076   0x08003076   0x00000002   Code   RO         3646    i.HAL_TIMEx_EncoderIndexCallback  stm32g4xx_hal_tim_ex.o
    0x08003078   0x08003078   0x00000002   Code   RO         3660    i.HAL_TIMEx_IndexErrorCallback  stm32g4xx_hal_tim_ex.o
    0x0800307a   0x0800307a   0x00000002   PAD
    0x0800307c   0x0800307c   0x0000009c   Code   RO         3661    i.HAL_TIMEx_MasterConfigSynchronization  stm32g4xx_hal_tim_ex.o
    0x08003118   0x08003118   0x00000002   Code   RO         3682    i.HAL_TIMEx_TransitionErrorCallback  stm32g4xx_hal_tim_ex.o
    0x0800311a   0x0800311a   0x00000062   Code   RO         2905    i.HAL_TIM_Base_Init  stm32g4xx_hal_tim.o
    0x0800317c   0x0800317c   0x00000094   Code   RO          367    i.HAL_TIM_Base_MspInit  tim.o
    0x08003210   0x08003210   0x00000078   Code   RO         2910    i.HAL_TIM_Base_Start_IT  stm32g4xx_hal_tim.o
    0x08003288   0x08003288   0x00000100   Code   RO         2914    i.HAL_TIM_ConfigClockSource  stm32g4xx_hal_tim.o
    0x08003388   0x08003388   0x00000002   Code   RO         2939    i.HAL_TIM_IC_CaptureCallback  stm32g4xx_hal_tim.o
    0x0800338a   0x0800338a   0x000001fc   Code   RO         2953    i.HAL_TIM_IRQHandler  stm32g4xx_hal_tim.o
    0x08003586   0x08003586   0x00000002   PAD
    0x08003588   0x08003588   0x00000084   Code   RO          368    i.HAL_TIM_MspPostInit  tim.o
    0x0800360c   0x0800360c   0x00000002   Code   RO         2956    i.HAL_TIM_OC_DelayElapsedCallback  stm32g4xx_hal_tim.o
    0x0800360e   0x0800360e   0x00000124   Code   RO         2977    i.HAL_TIM_PWM_ConfigChannel  stm32g4xx_hal_tim.o
    0x08003732   0x08003732   0x00000062   Code   RO         2980    i.HAL_TIM_PWM_Init  stm32g4xx_hal_tim.o
    0x08003794   0x08003794   0x00000002   Code   RO         2982    i.HAL_TIM_PWM_MspInit  stm32g4xx_hal_tim.o
    0x08003796   0x08003796   0x00000002   Code   RO         2983    i.HAL_TIM_PWM_PulseFinishedCallback  stm32g4xx_hal_tim.o
    0x08003798   0x08003798   0x000000fc   Code   RO         2985    i.HAL_TIM_PWM_Start  stm32g4xx_hal_tim.o
    0x08003894   0x08003894   0x00000002   Code   RO         2991    i.HAL_TIM_PeriodElapsedCallback  stm32g4xx_hal_tim.o
    0x08003896   0x08003896   0x00000002   Code   RO         2996    i.HAL_TIM_TriggerCallback  stm32g4xx_hal_tim.o
    0x08003898   0x08003898   0x0000003e   Code   RO         4468    i.HAL_UARTEx_DisableFifoMode  stm32g4xx_hal_uart_ex.o
    0x080038d6   0x080038d6   0x00000002   Code   RO         4057    i.HAL_UARTEx_RxEventCallback  stm32g4xx_hal_uart.o
    0x080038d8   0x080038d8   0x00000002   Code   RO         4475    i.HAL_UARTEx_RxFifoFullCallback  stm32g4xx_hal_uart_ex.o
    0x080038da   0x080038da   0x0000004c   Code   RO         4476    i.HAL_UARTEx_SetRxFifoThreshold  stm32g4xx_hal_uart_ex.o
    0x08003926   0x08003926   0x0000004c   Code   RO         4477    i.HAL_UARTEx_SetTxFifoThreshold  stm32g4xx_hal_uart_ex.o
    0x08003972   0x08003972   0x00000002   Code   RO         4479    i.HAL_UARTEx_TxFifoEmptyCallback  stm32g4xx_hal_uart_ex.o
    0x08003974   0x08003974   0x00000002   Code   RO         4480    i.HAL_UARTEx_WakeupCallback  stm32g4xx_hal_uart_ex.o
    0x08003976   0x08003976   0x00000090   Code   RO         4069    i.HAL_UART_DMAStop  stm32g4xx_hal_uart.o
    0x08003a06   0x08003a06   0x00000002   Code   RO         4073    i.HAL_UART_ErrorCallback  stm32g4xx_hal_uart.o
    0x08003a08   0x08003a08   0x000002e0   Code   RO         4076    i.HAL_UART_IRQHandler  stm32g4xx_hal_uart.o
    0x08003ce8   0x08003ce8   0x0000006a   Code   RO         4077    i.HAL_UART_Init     stm32g4xx_hal_uart.o
    0x08003d52   0x08003d52   0x00000002   PAD
    0x08003d54   0x08003d54   0x000000f0   Code   RO          433    i.HAL_UART_MspInit  usart.o
    0x08003e44   0x08003e44   0x00000054   Code   RO         4081    i.HAL_UART_Receive_DMA  stm32g4xx_hal_uart.o
    0x08003e98   0x08003e98   0x00000002   Code   RO         4084    i.HAL_UART_RxCpltCallback  stm32g4xx_hal_uart.o
    0x08003e9a   0x08003e9a   0x00000002   Code   RO         4085    i.HAL_UART_RxHalfCpltCallback  stm32g4xx_hal_uart.o
    0x08003e9c   0x08003e9c   0x000000a4   Code   RO         4087    i.HAL_UART_Transmit_DMA  stm32g4xx_hal_uart.o
    0x08003f40   0x08003f40   0x00000002   Code   RO         4089    i.HAL_UART_TxCpltCallback  stm32g4xx_hal_uart.o
    0x08003f42   0x08003f42   0x00000002   Code   RO         4090    i.HAL_UART_TxHalfCpltCallback  stm32g4xx_hal_uart.o
    0x08003f44   0x08003f44   0x00000002   Code   RO          498    i.HardFault_Handler  stm32g4xx_it.o
    0x08003f46   0x08003f46   0x00000002   PAD
    0x08003f48   0x08003f48   0x00000190   Code   RO         4731    i.Inform_Updata     task.o
    0x080040d8   0x080040d8   0x00000030   Code   RO         4879    i.LED_RGB           led.o
    0x08004108   0x08004108   0x0000000c   Code   RO          660    i.LL_ADC_GetOffsetChannel  stm32g4xx_hal_adc.o
    0x08004114   0x08004114   0x00000008   Code   RO          661    i.LL_ADC_INJ_IsConversionOngoing  stm32g4xx_hal_adc.o
    0x0800411c   0x0800411c   0x00000008   Code   RO          662    i.LL_ADC_REG_IsConversionOngoing  stm32g4xx_hal_adc.o
    0x08004124   0x08004124   0x00000008   Code   RO          895    i.LL_ADC_REG_IsConversionOngoing  stm32g4xx_hal_adc_ex.o
    0x0800412c   0x0800412c   0x00000010   Code   RO          663    i.LL_ADC_REG_IsTriggerSourceSWStart  stm32g4xx_hal_adc.o
    0x0800413c   0x0800413c   0x0000001e   Code   RO          665    i.LL_ADC_SetChannelSamplingTime  stm32g4xx_hal_adc.o
    0x0800415a   0x0800415a   0x00000010   Code   RO          666    i.LL_ADC_SetOffsetState  stm32g4xx_hal_adc.o
    0x0800416a   0x0800416a   0x00000002   PAD
    0x0800416c   0x0800416c   0x000000ec   Code   RO         4912    i.MT6816_Init       mt6816.o
    0x08004258   0x08004258   0x000000b0   Code   RO          260    i.MX_ADC1_Init      adc.o
    0x08004308   0x08004308   0x0000005c   Code   RO          300    i.MX_DMA_Init       dma.o
    0x08004364   0x08004364   0x00000098   Code   RO          234    i.MX_GPIO_Init      gpio.o
    0x080043fc   0x080043fc   0x00000050   Code   RO          326    i.MX_SPI1_Init      spi.o
    0x0800444c   0x0800444c   0x000000f8   Code   RO          369    i.MX_TIM1_Init      tim.o
    0x08004544   0x08004544   0x000000a8   Code   RO          370    i.MX_TIM2_Init      tim.o
    0x080045ec   0x080045ec   0x00000068   Code   RO          371    i.MX_TIM3_Init      tim.o
    0x08004654   0x08004654   0x00000068   Code   RO          372    i.MX_TIM4_Init      tim.o
    0x080046bc   0x080046bc   0x00000068   Code   RO          434    i.MX_USART1_UART_Init  usart.o
    0x08004724   0x08004724   0x00000670   Code   RO         4732    i.Manage_Command    task.o
    0x08004d94   0x08004d94   0x00000002   Code   RO          499    i.MemManage_Handler  stm32g4xx_it.o
    0x08004d96   0x08004d96   0x00000002   Code   RO          500    i.NMI_Handler       stm32g4xx_it.o
    0x08004d98   0x08004d98   0x00000094   Code   RO         4666    i.PID_Ctrl          pid.o
    0x08004e2c   0x08004e2c   0x000001b0   Code   RO         4667    i.PID_init          pid.o
    0x08004fdc   0x08004fdc   0x00000002   Code   RO          501    i.PendSV_Handler    stm32g4xx_it.o
    0x08004fde   0x08004fde   0x00000002   PAD
    0x08004fe0   0x08004fe0   0x00000198   Code   RO         4668    i.Position_PID      pid.o
    0x08005178   0x08005178   0x00000018   Code   RO         4913    i.REIN_MT6816_Get_AngleData  mt6816.o
    0x08005190   0x08005190   0x000000dc   Code   RO         4914    i.RINE_MT6816_SPI_Get_AngleData  mt6816.o
    0x0800526c   0x0800526c   0x00000048   Code   RO         2601    i.SPI_EndRxTxTransaction  stm32g4xx_hal_spi.o
    0x080052b4   0x080052b4   0x000000e0   Code   RO         2606    i.SPI_WaitFifoStateUntilTimeout  stm32g4xx_hal_spi.o
    0x08005394   0x08005394   0x000000b8   Code   RO         2607    i.SPI_WaitFlagStateUntilTimeout  stm32g4xx_hal_spi.o
    0x0800544c   0x0800544c   0x00000002   Code   RO          502    i.SVC_Handler       stm32g4xx_it.o
    0x0800544e   0x0800544e   0x00000002   PAD
    0x08005450   0x08005450   0x00000108   Code   RO         4620    i.Sector_tracker    foc.o
    0x08005558   0x08005558   0x00000062   Code   RO         4954    i.Set_I             tb67h450.o
    0x080055ba   0x080055ba   0x00000002   PAD
    0x080055bc   0x080055bc   0x0000012c   Code   RO         4669    i.Speed_PID_Iq      pid.o
    0x080056e8   0x080056e8   0x00000098   Code   RO         4955    i.StepCtrl          tb67h450.o
    0x08005780   0x08005780   0x00000004   Code   RO          503    i.SysTick_Handler   stm32g4xx_it.o
    0x08005784   0x08005784   0x00000064   Code   RO           14    i.SystemClock_Config  main.o
    0x080057e8   0x080057e8   0x00000010   Code   RO         4581    i.SystemInit        system_stm32g4xx.o
    0x080057f8   0x080057f8   0x00000014   Code   RO          504    i.TIM3_IRQHandler   stm32g4xx_it.o
    0x0800580c   0x0800580c   0x00000150   Code   RO          505    i.TIM4_IRQHandler   stm32g4xx_it.o
    0x0800595c   0x0800595c   0x000000b0   Code   RO         2998    i.TIM_Base_SetConfig  stm32g4xx_hal_tim.o
    0x08005a0c   0x08005a0c   0x0000001a   Code   RO         2999    i.TIM_CCxChannelCmd  stm32g4xx_hal_tim.o
    0x08005a26   0x08005a26   0x00000014   Code   RO         3009    i.TIM_ETR_SetConfig  stm32g4xx_hal_tim.o
    0x08005a3a   0x08005a3a   0x00000002   PAD
    0x08005a3c   0x08005a3c   0x00000014   Code   RO         3010    i.TIM_ITRx_SetConfig  stm32g4xx_hal_tim.o
    0x08005a50   0x08005a50   0x0000009c   Code   RO         3011    i.TIM_OC1_SetConfig  stm32g4xx_hal_tim.o
    0x08005aec   0x08005aec   0x00000090   Code   RO         3012    i.TIM_OC2_SetConfig  stm32g4xx_hal_tim.o
    0x08005b7c   0x08005b7c   0x00000090   Code   RO         3013    i.TIM_OC3_SetConfig  stm32g4xx_hal_tim.o
    0x08005c0c   0x08005c0c   0x00000090   Code   RO         3014    i.TIM_OC4_SetConfig  stm32g4xx_hal_tim.o
    0x08005c9c   0x08005c9c   0x00000070   Code   RO         3015    i.TIM_OC5_SetConfig  stm32g4xx_hal_tim.o
    0x08005d0c   0x08005d0c   0x00000070   Code   RO         3016    i.TIM_OC6_SetConfig  stm32g4xx_hal_tim.o
    0x08005d7c   0x08005d7c   0x00000022   Code   RO         3018    i.TIM_TI1_ConfigInputStage  stm32g4xx_hal_tim.o
    0x08005d9e   0x08005d9e   0x00000024   Code   RO         3020    i.TIM_TI2_ConfigInputStage  stm32g4xx_hal_tim.o
    0x08005dc2   0x08005dc2   0x00000002   PAD
    0x08005dc4   0x08005dc4   0x00000044   Code   RO         4481    i.UARTEx_SetNbDataToProcess  stm32g4xx_hal_uart_ex.o
    0x08005e08   0x08005e08   0x000000c8   Code   RO         4091    i.UART_AdvFeatureConfig  stm32g4xx_hal_uart.o
    0x08005ed0   0x08005ed0   0x00000060   Code   RO         4092    i.UART_CheckIdleState  stm32g4xx_hal_uart.o
    0x08005f30   0x08005f30   0x00000014   Code   RO         4093    i.UART_DMAAbortOnError  stm32g4xx_hal_uart.o
    0x08005f44   0x08005f44   0x00000050   Code   RO         4094    i.UART_DMAError     stm32g4xx_hal_uart.o
    0x08005f94   0x08005f94   0x00000082   Code   RO         4095    i.UART_DMAReceiveCplt  stm32g4xx_hal_uart.o
    0x08006016   0x08006016   0x0000001c   Code   RO         4097    i.UART_DMARxHalfCplt  stm32g4xx_hal_uart.o
    0x08006032   0x08006032   0x00000042   Code   RO         4099    i.UART_DMATransmitCplt  stm32g4xx_hal_uart.o
    0x08006074   0x08006074   0x0000000a   Code   RO         4101    i.UART_DMATxHalfCplt  stm32g4xx_hal_uart.o
    0x0800607e   0x0800607e   0x00000002   PAD
    0x08006080   0x08006080   0x00000054   Code   RO         4103    i.UART_EndRxTransfer  stm32g4xx_hal_uart.o
    0x080060d4   0x080060d4   0x0000002e   Code   RO         4104    i.UART_EndTxTransfer  stm32g4xx_hal_uart.o
    0x08006102   0x08006102   0x00000002   PAD
    0x08006104   0x08006104   0x00000274   Code   RO         4109    i.UART_SetConfig    stm32g4xx_hal_uart.o
    0x08006378   0x08006378   0x000000a4   Code   RO         4110    i.UART_Start_Receive_DMA  stm32g4xx_hal_uart.o
    0x0800641c   0x0800641c   0x000000c6   Code   RO         4116    i.UART_WaitOnFlagUntilTimeout  stm32g4xx_hal_uart.o
    0x080064e2   0x080064e2   0x00000002   PAD
    0x080064e4   0x080064e4   0x0000005c   Code   RO          506    i.USART1_IRQHandler  stm32g4xx_it.o
    0x08006540   0x08006540   0x000000ec   Code   RO         4825    i.Updata            flash.o
    0x0800662c   0x0800662c   0x00000002   Code   RO          507    i.UsageFault_Handler  stm32g4xx_it.o
    0x0800662e   0x0800662e   0x00000002   PAD
    0x08006630   0x08006630   0x00000020   Code   RO         5228    i.__0printf         mc_w.l(printfa.o)
    0x08006650   0x08006650   0x00000020   Code   RO         2435    i.__NVIC_SetPriority  stm32g4xx_hal_cortex.o
    0x08006670   0x08006670   0x0000000e   Code   RO         5315    i.__scatterload_copy  mc_w.l(handlers.o)
    0x0800667e   0x0800667e   0x00000002   Code   RO         5316    i.__scatterload_null  mc_w.l(handlers.o)
    0x08006680   0x08006680   0x0000000e   Code   RO         5317    i.__scatterload_zeroinit  mc_w.l(handlers.o)
    0x0800668e   0x0800668e   0x00000002   PAD
    0x08006690   0x08006690   0x00000184   Code   RO         5235    i._fp_digits        mc_w.l(printfa.o)
    0x08006814   0x08006814   0x000006dc   Code   RO         5236    i._printf_core      mc_w.l(printfa.o)
    0x08006ef0   0x08006ef0   0x00000024   Code   RO         5237    i._printf_post_padding  mc_w.l(printfa.o)
    0x08006f14   0x08006f14   0x0000002e   Code   RO         5238    i._printf_pre_padding  mc_w.l(printfa.o)
    0x08006f42   0x08006f42   0x00000002   PAD
    0x08006f44   0x08006f44   0x00000018   Code   RO          435    i.fputc             usart.o
    0x08006f5c   0x08006f5c   0x00000038   Code   RO         4880    i.init_LED          led.o
    0x08006f94   0x08006f94   0x00000050   Code   RO         4956    i.init_TB67H450     tb67h450.o
    0x08006fe4   0x08006fe4   0x0000004e   Code   RO           15    i.main              main.o
    0x08007032   0x08007032   0x00000018   Data   RO         4117    .constdata          stm32g4xx_hal_uart.o
    0x0800704a   0x0800704a   0x00000010   Data   RO         4482    .constdata          stm32g4xx_hal_uart_ex.o
    0x0800705a   0x0800705a   0x00000010   Data   RO         4582    .constdata          system_stm32g4xx.o
    0x0800706a   0x0800706a   0x00000008   Data   RO         4583    .constdata          system_stm32g4xx.o
    0x08007072   0x08007072   0x00000800   Data   RO         4622    .constdata          foc.o
    0x08007872   0x08007872   0x00000002   PAD
    0x08007874   0x08007874   0x0000009c   Data   RO         4788    .constdata          analog.o
    0x08007910   0x08007910   0x00000020   Data   RO         5313    Region$$Table       anon$$obj.o


    Execution Region RW_IRAM1 (Exec base: 0x20000000, Load base: 0x08007930, Size: 0x00000b70, Max: 0x00008000, ABSOLUTE)

    Exec Addr    Load Addr    Size         Type   Attr      Idx    E Section Name        Object

    0x20000000   0x08007930   0x00000004   Data   RW          508    .data               stm32g4xx_it.o
    0x20000004   0x08007934   0x0000000c   Data   RW         1112    .data               stm32g4xx_hal.o
    0x20000010   0x08007940   0x00000020   Data   RW         1565    .data               stm32g4xx_hal_flash.o
    0x20000030   0x08007960   0x00000004   Data   RW         4584    .data               system_stm32g4xx.o
    0x20000034   0x08007964   0x00000002   Data   RW         4623    .data               foc.o
    0x20000036   0x08007966   0x00000002   PAD
    0x20000038   0x08007968   0x00000048   Data   RW         4671    .data               pid.o
    0x20000080   0x080079b0   0x00000031   Data   RW         4735    .data               task.o
    0x200000b1   0x080079e1   0x00000001   Data   RW         4737    .data               task.o
    0x200000b2   0x080079e2   0x00000004   Data   RW         4789    .data               analog.o
    0x200000b6   0x080079e6   0x00000002   PAD
    0x200000b8   0x080079e8   0x00000004   Data   RW         4827    .data               flash.o
    0x200000bc   0x080079ec   0x0000000c   Data   RW         4915    .data               mt6816.o
    0x200000c8   0x080079f8   0x00000001   Data   RW         4957    .data               tb67h450.o
    0x200000c9   0x080079f9   0x00000003   PAD
    0x200000cc   0x080079fc   0x00000004   Data   RW         5295    .data               mc_w.l(stdout.o)
    0x200000d0        -       0x000000cc   Zero   RW          261    .bss                adc.o
    0x2000019c        -       0x00000064   Zero   RW          327    .bss                spi.o
    0x20000200        -       0x00000130   Zero   RW          373    .bss                tim.o
    0x20000330        -       0x000001e8   Zero   RW          437    .bss                usart.o
    0x20000518        -       0x000001a4   Zero   RW         4621    .bss                foc.o
    0x200006bc   0x08007a00   0x00000004   PAD
    0x200006c0        -       0x00000080   Zero   RW         4670    .bss                pid.o
    0x20000740        -       0x00000010   Zero   RW         4733    .bss                task.o
    0x20000750        -       0x0000000c   Zero   RW         4787    .bss                analog.o
    0x2000075c        -       0x00000010   Zero   RW         4826    .bss                flash.o
    0x2000076c   0x08007a00   0x00000004   PAD
    0x20000770        -       0x00000400   Zero   RW            1    STACK               startup_stm32g431xx.o


==============================================================================

Image component sizes


      Code (inc. data)   RO Data    RW Data    ZI Data      Debug   Object Name

       348         26          0          0        204       1903   adc.o
       268         62        156          4         12       1812   analog.o
        92          4          0          0          0        806   dma.o
       620         60          0          4         16       3867   flash.o
       464         34       2048          2        420       3191   foc.o
       152          8          0          0          0        923   gpio.o
       104         14          0          0          0       1085   led.o
       182          0          0          0          0     701640   main.o
       480         30          0         12          0       3644   mt6816.o
      1568        152          0         72        128       3962   pid.o
       180         22          0          0        100       1657   spi.o
        36          8        472          0       1024        824   startup_stm32g431xx.o
       162         24          0         12          0       4249   stm32g4xx_hal.o
      2148        114          0          0          0      79389   stm32g4xx_hal_adc.o
       224          8          0          0          0      67607   stm32g4xx_hal_adc_ex.o
       198         14          0          0          0      33783   stm32g4xx_hal_cortex.o
       910         30          0          0          0       7049   stm32g4xx_hal_dma.o
       360         48          0         32          0      23034   stm32g4xx_hal_flash.o
       372         28          0          0          0       4162   stm32g4xx_hal_flash_ex.o
       604         34          0          0          0       2963   stm32g4xx_hal_gpio.o
        48          6          0          0          0        842   stm32g4xx_hal_msp.o
       204         18          0          0          0       1385   stm32g4xx_hal_pwr_ex.o
      1696         92          0          0          0       6220   stm32g4xx_hal_rcc.o
       648         10          0          0          0       1856   stm32g4xx_hal_rcc_ex.o
      1324         10          0          0          0       6341   stm32g4xx_hal_spi.o
      2760        260          0          0          0      19062   stm32g4xx_hal_tim.o
       342         32          0          0          0       6228   stm32g4xx_hal_tim_ex.o
      2996        116         24          0          0      38169   stm32g4xx_hal_uart.o
       288          6         16          0          0       5278   stm32g4xx_hal_uart_ex.o
       504         88          0          4          0       7175   stm32g4xx_it.o
        16          4         24          4          0       1099   system_stm32g4xx.o
      2160        136          0         50         16       4830   task.o
       330          8          0          1          0       1743   tb67h450.o
       904         64          0          0        304       4691   tim.o
       368         36          0          0        488       4448   usart.o

    ----------------------------------------------------------------------
     24098       1606       2774        204       2720    1056917   Object Totals
         0          0         32          0          0          0   (incl. Generated)
        38          0          2          7          8          0   (incl. Padding)

    ----------------------------------------------------------------------

      Code (inc. data)   RO Data    RW Data    ZI Data      Debug   Library Member Name

         0          0          0          0          0          0   entry.o
         0          0          0          0          0          0   entry10a.o
         0          0          0          0          0          0   entry11a.o
         8          4          0          0          0          0   entry2.o
         4          0          0          0          0          0   entry5.o
         0          0          0          0          0          0   entry7b.o
         0          0          0          0          0          0   entry8b.o
         8          4          0          0          0          0   entry9a.o
        30          0          0          0          0          0   handlers.o
        36          8          0          0          0         68   init.o
         0          0          0          0          0          0   iusefp.o
        30          0          0          0          0         68   llshl.o
        36          0          0          0          0         68   llsshr.o
        32          0          0          0          0         68   llushr.o
        36          0          0          0          0        108   memseta.o
      2258         90          0          0          0        452   printfa.o
         0          0          0          4          0          0   stdout.o
        44          0          0          0          0         80   uidiv.o
        98          0          0          0          0         92   uldiv.o
        48          0          0          0          0         68   cdcmple.o
        48          0          0          0          0         68   cdrcmple.o
        56          0          0          0          0         88   d2f.o
       334          0          0          0          0        148   dadd.o
       222          0          0          0          0        100   ddiv.o
       186          0          0          0          0        176   depilogue.o
        62          0          0          0          0         80   dfixi.o
        48          0          0          0          0         68   dfixul.o
        34          0          0          0          0         76   dflti.o
        40          0          0          0          0         80   dfltl.o
        26          0          0          0          0         76   dfltui.o
       228          0          0          0          0         96   dmul.o
        38          0          0          0          0         68   f2d.o
       110          0          0          0          0        168   fepilogue.o
        44          0          0          0          0         92   ffltl.o

    ----------------------------------------------------------------------
      4152        106          0          4          0       2456   Library Totals
         8          0          0          0          0          0   (incl. Padding)

    ----------------------------------------------------------------------

      Code (inc. data)   RO Data    RW Data    ZI Data      Debug   Library Name

      2620        106          0          4          0       1004   mc_w.l
      1524          0          0          0          0       1452   mf_w.l

    ----------------------------------------------------------------------
      4152        106          0          4          0       2456   Library Totals

    ----------------------------------------------------------------------

==============================================================================


      Code (inc. data)   RO Data    RW Data    ZI Data      Debug   

     28250       1712       2774        208       2720    1040029   Grand Totals
     28250       1712       2774        208       2720    1040029   ELF Image Totals
     28250       1712       2774        208          0          0   ROM Totals

==============================================================================

    Total RO  Size (Code + RO Data)                31024 (  30.30kB)
    Total RW  Size (RW Data + ZI Data)              2928 (   2.86kB)
    Total ROM Size (Code + RO Data + RW Data)      31232 (  30.50kB)

==============================================================================

